***********************************************************************************************
***                                                                                         ***
***                                    LINK INFORMATION                                     ***
***                                                                                         ***
***********************************************************************************************

Linker version:

  SEGGER ARM Linker 4.38.8 compiled Jan 12 2024 11:59:21
  Copyright (c) 2017-2022 SEGGER Microcontroller GmbH    www.segger.com


***********************************************************************************************
***                                                                                         ***
***                                     MODULE SUMMARY                                      ***
***                                                                                         ***
***********************************************************************************************

Memory use by input file:

  Object File                                       RX Code     RO Data     RW Data     ZI Data
  ---------------------------------------------  ----------  ----------  ----------  ----------
  main.o                                                490          18                        
  SEGGER_THUMB_Startup.o                                 20                                    
  STM32L432KC_ADC.o                                     538                                    
  STM32L432KC_FLASH.o                                    26                                    
  STM32L432KC_GPIO.o                                    422                                    
  STM32L432KC_RCC.o                                     162                                    
  STM32L432KC_SPI.o                                     254                                    
  STM32L432KC_TIM.o                                     208                                    
  STM32L432KC_USART.o                                   408                                    
  stm32l432xx_Vectors.o                                 532                                    
  STM32L4xx_Startup.o                                    64                                    
  system_stm32l4xx.o                                    462          64           4            
  ---------------------------------------------  ----------  ----------  ----------  ----------
  Subtotal (12 objects)                               3 586          82           4            
  ---------------------------------------------  ----------  ----------  ----------  ----------
  libc_v7em_fpv4_sp_d16_hard_t_le_eabi_balanced.a
                                                      2 326         573          20           4
  prinops_rtt_v7em_fpv4_sp_d16_hard_t_le_eabi_balanced.a
                                                        486          26          12       1 220
  SEGGER_crtinit_v7em_fpv4_sp_d16_hard_t_le_eabi_balanced.a
                                                         74                                    
  strops_unaligned_v7em_fpv4_sp_d16_hard_t_le_eabi_balanced.a
                                                        196                                    
  ---------------------------------------------  ----------  ----------  ----------  ----------
  Subtotal (4 archives)                               3 082         599          32       1 224
  ---------------------------------------------  ----------  ----------  ----------  ----------
  Linker created (shared data, fills, blocks):                       72                   2 048
  =============================================  ==========  ==========  ==========  ==========
  Total:                                              6 668         753          36       3 272
  =============================================  ==========  ==========  ==========  ==========

Memory use by archive member:

  Archive member                                    RX Code     RO Data     RW Data     ZI Data
  ---------------------------------------------  ----------  ----------  ----------  ----------
  __SEGGER_RTL_vfprintf_int_nwp.o (libc_v7em_fpv4_sp_d16_hard_t_le_eabi_balanced.a)
                                                        906                                    
  fileops.o (libc_v7em_fpv4_sp_d16_hard_t_le_eabi_balanced.a)
                                                         46                                    
  floatasmops_arm.o (libc_v7em_fpv4_sp_d16_hard_t_le_eabi_balanced.a)
                                                        516                                    
  intasmops_arm.o (libc_v7em_fpv4_sp_d16_hard_t_le_eabi_balanced.a)
                                                        304                                    
  mbops.o (libc_v7em_fpv4_sp_d16_hard_t_le_eabi_balanced.a)
                                                        204         541          20           4
  prinops.o (libc_v7em_fpv4_sp_d16_hard_t_le_eabi_balanced.a)
                                                        350          32                        
  prinops_rtt.o (prinops_rtt_v7em_fpv4_sp_d16_hard_t_le_eabi_balanced.a)
                                                         66                      12          12
  SEGGER_crtinit.o (SEGGER_crtinit_v7em_fpv4_sp_d16_hard_t_le_eabi_balanced.a)
                                                         74                                    
  SEGGER_RTT.o (prinops_rtt_v7em_fpv4_sp_d16_hard_t_le_eabi_balanced.a)
                                                        420          26                   1 208
  strasmops_arm.o (strops_unaligned_v7em_fpv4_sp_d16_hard_t_le_eabi_balanced.a)
                                                        196                                    
  ---------------------------------------------  ----------  ----------  ----------  ----------
  Subtotal (10 members from 4 archives)               3 082         599          32       1 224
  Objects (12 files)                                  3 586          82           4            
  Linker created (shared data, fills, blocks):                       72                   2 048
  =============================================  ==========  ==========  ==========  ==========
  Total:                                              6 668         753          36       3 272
  =============================================  ==========  ==========  ==========  ==========

Memory use by linker:

  Description                                       RX Code     RO Data     RW Data     ZI Data
  ---------------------------------------------  ----------  ----------  ----------  ----------
  Initialization table                                               72                        
  Memory for block 'stack'                                                                2 048
  ---------------------------------------------  ----------  ----------  ----------  ----------
  Subtotal (linker created):                                         72                   2 048
  ---------------------------------------------  ----------  ----------  ----------  ----------
  Objects (12 files)                                  3 586          82           4            
  Archives (4 files)                                  3 082         599          32       1 224
  =============================================  ==========  ==========  ==========  ==========
  Total:                                              6 668         753          36       3 272
  =============================================  ==========  ==========  ==========  ==========


***********************************************************************************************
***                                                                                         ***
***                                     SECTION DETAIL                                      ***
***                                                                                         ***
***********************************************************************************************

Sections by address:

  Range              Symbol or [section] Name         Size  Al  Init  Ac  Object File
  -----------------  -------------------------  ----------  --  ----  --  -----------
  08000000-0800018b  _vectors                          396  512
                                                                Code  RX  stm32l432xx_Vectors.o
  0800018c-0800018d  NMI_Handler                         2   2  Code  RX  stm32l432xx_Vectors.o
  0800018e-0800018f  MemManage_Handler                   2   2  Code  RX  stm32l432xx_Vectors.o
  08000190-080001ef  initTIM                            96   8  Code  RX  STM32L432KC_TIM.o
  080001f0-0800021f  MSIRangeTable                      48   4  Cnst  RO  system_stm32l4xx.o
  08000220-080002bf  pinMode                           160   4  Code  RX  STM32L432KC_GPIO.o
  080002c0-080002d3  _start                             20   4  Code  RX  SEGGER_THUMB_Startup.o
  080002d4-080002fb  HardFault_Handler                  40   4  Code  RX  STM32L4xx_Startup.o
  080002fc-08000307  __SEGGER_RTL_c_locale              12   4  Cnst  RO  mbops.o (libc_v7em_fpv4_sp_d16_hard_t_le_eabi_balanced.a)
  08000308-08000327  __SEGGER_RTL_codeset_ascii
                                                        32   4  Cnst  RO  mbops.o (libc_v7em_fpv4_sp_d16_hard_t_le_eabi_balanced.a)
  08000328-0800037f  __SEGGER_RTL_c_locale_data
                                                        88   4  Cnst  RO  mbops.o (libc_v7em_fpv4_sp_d16_hard_t_le_eabi_balanced.a)
  08000380-08000543  __aeabi_ddiv                      452   4  Code  RX  floatasmops_arm.o (libc_v7em_fpv4_sp_d16_hard_t_le_eabi_balanced.a)
  08000544-08000567  __aeabi_d2uiz                      36   4  Code  RX  floatasmops_arm.o (libc_v7em_fpv4_sp_d16_hard_t_le_eabi_balanced.a)
  08000568-08000583  __aeabi_ui2d                       28   4  Code  RX  floatasmops_arm.o (libc_v7em_fpv4_sp_d16_hard_t_le_eabi_balanced.a)
  08000584-080006b3  __aeabi_uldivmod                  304   4  Code  RX  intasmops_arm.o (libc_v7em_fpv4_sp_d16_hard_t_le_eabi_balanced.a)
  080006b4-0800070f  memcpy                             92   4  Code  RX  strasmops_arm.o (strops_unaligned_v7em_fpv4_sp_d16_hard_t_le_eabi_balanced.a)
  08000710-08000777  __aeabi_memclr                    104   4  Code  RX  strasmops_arm.o (strops_unaligned_v7em_fpv4_sp_d16_hard_t_le_eabi_balanced.a)
  08000778-080008e9  SystemCoreClockUpdate             370   4  Code  RX  system_stm32l4xx.o
  080008ea-08000a97  initADC                           430   2  Code  RX  STM32L432KC_ADC.o
  08000a98-08000e21  __SEGGER_RTL_vfprintf_int_nwp
                                                       906   4  Code  RX  __SEGGER_RTL_vfprintf_int_nwp.o (libc_v7em_fpv4_sp_d16_hard_t_le_eabi_balanced.a)
  08000e22-08000e3b  configureFlash                     26   2  Code  RX  STM32L432KC_FLASH.o
  08000e3c-08000e49  gpioPinOffset                      14   2  Code  RX  STM32L432KC_GPIO.o
  08000e4a-08000ebb  configurePLL                      114   2  Code  RX  STM32L432KC_RCC.o
  08000ebc-08000ee5  spiSend                            42   2  Code  RX  STM32L432KC_SPI.o
  08000ee6-08000f1b  delay_micros                       54   2  Code  RX  STM32L432KC_TIM.o
  08000f1c-08000f55  delay_millis                       58   2  Code  RX  STM32L432KC_TIM.o
  08000f56-08000f8b  id2Port                            54   2  Code  RX  STM32L432KC_USART.o
  08000f8c-08000fb9  sendString                         46   2  Code  RX  STM32L432KC_USART.o
  08000fba-08000feb  sendSPItoMCU                       50   2  Code  RX  main.o
  08000fec-08000fed  BusFault_Handler                    2   2  Code  RX  stm32l432xx_Vectors.o
  08000fee-08000fef  UsageFault_Handler                  2   2  Code  RX  stm32l432xx_Vectors.o
  08000ff0-08000ff1  SVC_Handler                         2   2  Code  RX  stm32l432xx_Vectors.o
  08000ff2-08000ff3  DebugMon_Handler                    2   2  Code  RX  stm32l432xx_Vectors.o
  08000ff4-08000ff5  PendSV_Handler                      2   2  Code  RX  stm32l432xx_Vectors.o
  08000ff6-08000ff7  SysTick_Handler                     2   2  Code  RX  stm32l432xx_Vectors.o
  08000ff8-08000ff9  WWDG_IRQHandler                     2   2  Code  RX  stm32l432xx_Vectors.o
  08000ffa-08000ffb  PVD_PVM_IRQHandler                  2   2  Code  RX  stm32l432xx_Vectors.o
  08000ffc-08000ffd  TAMP_STAMP_IRQHandler               2   2  Code  RX  stm32l432xx_Vectors.o
  08000ffe-08000fff  RTC_WKUP_IRQHandler                 2   2  Code  RX  stm32l432xx_Vectors.o
  08001000-08001001  FLASH_IRQHandler                    2   2  Code  RX  stm32l432xx_Vectors.o
  08001002-08001003  RCC_IRQHandler                      2   2  Code  RX  stm32l432xx_Vectors.o
  08001004-08001005  EXTI0_IRQHandler                    2   2  Code  RX  stm32l432xx_Vectors.o
  08001006-08001007  EXTI1_IRQHandler                    2   2  Code  RX  stm32l432xx_Vectors.o
  08001008-08001009  EXTI2_IRQHandler                    2   2  Code  RX  stm32l432xx_Vectors.o
  0800100a-0800100b  EXTI3_IRQHandler                    2   2  Code  RX  stm32l432xx_Vectors.o
  0800100c-0800100d  EXTI4_IRQHandler                    2   2  Code  RX  stm32l432xx_Vectors.o
  0800100e-0800100f  DMA1_Channel1_IRQHandler            2   2  Code  RX  stm32l432xx_Vectors.o
  08001010-08001011  DMA1_Channel2_IRQHandler            2   2  Code  RX  stm32l432xx_Vectors.o
  08001012-08001013  DMA1_Channel3_IRQHandler            2   2  Code  RX  stm32l432xx_Vectors.o
  08001014-08001015  DMA1_Channel4_IRQHandler            2   2  Code  RX  stm32l432xx_Vectors.o
  08001016-08001017  DMA1_Channel5_IRQHandler            2   2  Code  RX  stm32l432xx_Vectors.o
  08001018-08001019  DMA1_Channel6_IRQHandler            2   2  Code  RX  stm32l432xx_Vectors.o
  0800101a-0800101b  DMA1_Channel7_IRQHandler            2   2  Code  RX  stm32l432xx_Vectors.o
  0800101c-0800101d  ADC1_IRQHandler                     2   2  Code  RX  stm32l432xx_Vectors.o
  0800101e-0800101f  CAN1_TX_IRQHandler                  2   2  Code  RX  stm32l432xx_Vectors.o
  08001020-08001021  CAN1_RX0_IRQHandler                 2   2  Code  RX  stm32l432xx_Vectors.o
  08001022-08001023  CAN1_RX1_IRQHandler                 2   2  Code  RX  stm32l432xx_Vectors.o
  08001024-08001025  CAN1_SCE_IRQHandler                 2   2  Code  RX  stm32l432xx_Vectors.o
  08001026-08001027  EXTI9_5_IRQHandler                  2   2  Code  RX  stm32l432xx_Vectors.o
  08001028-08001029  TIM1_BRK_TIM15_IRQHandler           2   2  Code  RX  stm32l432xx_Vectors.o
  0800102a-0800102b  TIM1_UP_TIM16_IRQHandler            2   2  Code  RX  stm32l432xx_Vectors.o
  0800102c-0800102d  TIM1_TRG_COM_IRQHandler             2   2  Code  RX  stm32l432xx_Vectors.o
  0800102e-0800102f  TIM1_CC_IRQHandler                  2   2  Code  RX  stm32l432xx_Vectors.o
  08001030-08001031  TIM2_IRQHandler                     2   2  Code  RX  stm32l432xx_Vectors.o
  08001032-08001033  I2C1_EV_IRQHandler                  2   2  Code  RX  stm32l432xx_Vectors.o
  08001034-08001035  I2C1_ER_IRQHandler                  2   2  Code  RX  stm32l432xx_Vectors.o
  08001036-08001037  SPI1_IRQHandler                     2   2  Code  RX  stm32l432xx_Vectors.o
  08001038-08001039  USART1_IRQHandler                   2   2  Code  RX  stm32l432xx_Vectors.o
  0800103a-0800103b  USART2_IRQHandler                   2   2  Code  RX  stm32l432xx_Vectors.o
  0800103c-0800103d  EXTI15_10_IRQHandler                2   2  Code  RX  stm32l432xx_Vectors.o
  0800103e-0800103f  RTC_Alarm_IRQHandler                2   2  Code  RX  stm32l432xx_Vectors.o
  08001040-08001041  SPI3_IRQHandler                     2   2  Code  RX  stm32l432xx_Vectors.o
  08001042-08001043  TIM6_DAC_IRQHandler                 2   2  Code  RX  stm32l432xx_Vectors.o
  08001044-08001045  TIM7_IRQHandler                     2   2  Code  RX  stm32l432xx_Vectors.o
  08001046-08001047  DMA2_Channel1_IRQHandler            2   2  Code  RX  stm32l432xx_Vectors.o
  08001048-08001049  DMA2_Channel2_IRQHandler            2   2  Code  RX  stm32l432xx_Vectors.o
  0800104a-0800104b  DMA2_Channel3_IRQHandler            2   2  Code  RX  stm32l432xx_Vectors.o
  0800104c-0800104d  DMA2_Channel4_IRQHandler            2   2  Code  RX  stm32l432xx_Vectors.o
  0800104e-0800104f  DMA2_Channel5_IRQHandler            2   2  Code  RX  stm32l432xx_Vectors.o
  08001050-08001051  COMP_IRQHandler                     2   2  Code  RX  stm32l432xx_Vectors.o
  08001052-08001053  LPTIM1_IRQHandler                   2   2  Code  RX  stm32l432xx_Vectors.o
  08001054-08001055  LPTIM2_IRQHandler                   2   2  Code  RX  stm32l432xx_Vectors.o
  08001056-08001057  USB_IRQHandler                      2   2  Code  RX  stm32l432xx_Vectors.o
  08001058-08001059  DMA2_Channel6_IRQHandler            2   2  Code  RX  stm32l432xx_Vectors.o
  0800105a-0800105b  DMA2_Channel7_IRQHandler            2   2  Code  RX  stm32l432xx_Vectors.o
  0800105c-0800105d  LPUART1_IRQHandler                  2   2  Code  RX  stm32l432xx_Vectors.o
  0800105e-0800105f  QUADSPI_IRQHandler                  2   2  Code  RX  stm32l432xx_Vectors.o
  08001060-08001061  I2C3_EV_IRQHandler                  2   2  Code  RX  stm32l432xx_Vectors.o
  08001062-08001063  I2C3_ER_IRQHandler                  2   2  Code  RX  stm32l432xx_Vectors.o
  08001064-08001065  SAI1_IRQHandler                     2   2  Code  RX  stm32l432xx_Vectors.o
  08001066-08001067  SWPMI1_IRQHandler                   2   2  Code  RX  stm32l432xx_Vectors.o
  08001068-08001069  TSC_IRQHandler                      2   2  Code  RX  stm32l432xx_Vectors.o
  0800106a-0800106b  RNG_IRQHandler                      2   2  Code  RX  stm32l432xx_Vectors.o
  0800106c-0800106d  FPU_IRQHandler                      2   2  Code  RX  stm32l432xx_Vectors.o
  0800106e-0800106f  CRS_IRQHandler                      2   2  Code  RX  stm32l432xx_Vectors.o
  08001070-0800109d  fwrite                             46   2  Code  RX  fileops.o (libc_v7em_fpv4_sp_d16_hard_t_le_eabi_balanced.a)
  0800109e-080010b7  __SEGGER_RTL_current_locale
                                                        26   2  Code  RX  mbops.o (libc_v7em_fpv4_sp_d16_hard_t_le_eabi_balanced.a)
  080010b8-080010c5  __SEGGER_RTL_ascii_wctomb          14   2  Code  RX  mbops.o (libc_v7em_fpv4_sp_d16_hard_t_le_eabi_balanced.a)
  080010c6-080010cf  __SEGGER_RTL_stream_write          10   2  Code  RX  prinops.o (libc_v7em_fpv4_sp_d16_hard_t_le_eabi_balanced.a)
  080010d0-080010d5  __SEGGER_RTL_X_file_write           6   2  Code  RX  prinops_rtt.o (prinops_rtt_v7em_fpv4_sp_d16_hard_t_le_eabi_balanced.a)
  080010d6-0800112f  SEGGER_RTT_WriteNoLock             90   2  Code  RX  SEGGER_RTT.o (prinops_rtt_v7em_fpv4_sp_d16_hard_t_le_eabi_balanced.a)
  08001130-08001165  SEGGER_RTT_Write                   54   2  Code  RX  SEGGER_RTT.o (prinops_rtt_v7em_fpv4_sp_d16_hard_t_le_eabi_balanced.a)
  08001166-080011c1  SystemInit                         92   2  Code  RX  system_stm32l4xx.o
  080011c2-0800122d  readADC                           108   2  Code  RX  STM32L432KC_ADC.o
  0800122e-0800127d  gpioEnable                         80   2  Code  RX  STM32L432KC_GPIO.o
  0800127e-08001289  gpioPinToPort                      12   2  Code  RX  STM32L432KC_GPIO.o
  0800128a-080012c9  gpioPortToBase                     64   2  Code  RX  STM32L432KC_GPIO.o
  080012ca-080012dd  gpioPinToBase                      20   2  Code  RX  STM32L432KC_GPIO.o
  080012de-08001325  digitalWrite                       72   2  Code  RX  STM32L432KC_GPIO.o
  08001326-08001355  configureClock                     48   2  Code  RX  STM32L432KC_RCC.o
  08001356-08001429  initSPI                           212   2  Code  RX  STM32L432KC_SPI.o
  0800142a-08001531  initUSART                         264   2  Code  RX  STM32L432KC_USART.o
  08001532-0800155d  sendChar                           44   2  Code  RX  STM32L432KC_USART.o
  0800155e-0800166d  main                              272   2  Code  RX  main.o
  0800166e-080016a1  uint12_to_char                     52   2  Code  RX  main.o
  080016a2-08001715  sendDMX                           116   2  Code  RX  main.o
  08001716-0800172d  reset_handler                      24   2  Code  RX  STM32L4xx_Startup.o
  0800172e-08001761  __SEGGER_RTL_ascii_mbtowc          52   2  Code  RX  mbops.o (libc_v7em_fpv4_sp_d16_hard_t_le_eabi_balanced.a)
  08001762-08001781  __SEGGER_RTL_ascii_isctype
                                                        32   2  Code  RX  mbops.o (libc_v7em_fpv4_sp_d16_hard_t_le_eabi_balanced.a)
  08001782-0800178d  __SEGGER_RTL_ascii_toupper
                                                        12   2  Code  RX  mbops.o (libc_v7em_fpv4_sp_d16_hard_t_le_eabi_balanced.a)
  0800178e-08001799  __SEGGER_RTL_ascii_tolower
                                                        12   2  Code  RX  mbops.o (libc_v7em_fpv4_sp_d16_hard_t_le_eabi_balanced.a)
  0800179a-080017b9  __SEGGER_RTL_ascii_iswctype
                                                        32   2  Code  RX  mbops.o (libc_v7em_fpv4_sp_d16_hard_t_le_eabi_balanced.a)
  080017ba-080017c5  __SEGGER_RTL_ascii_towupper
                                                        12   2  Code  RX  mbops.o (libc_v7em_fpv4_sp_d16_hard_t_le_eabi_balanced.a)
  080017c6-080017d1  __SEGGER_RTL_ascii_towlower
                                                        12   2  Code  RX  mbops.o (libc_v7em_fpv4_sp_d16_hard_t_le_eabi_balanced.a)
  080017d2-08001855  __SEGGER_RTL_putc                 132   2  Code  RX  prinops.o (libc_v7em_fpv4_sp_d16_hard_t_le_eabi_balanced.a)
  08001856-08001871  __SEGGER_RTL_prin_flush            28   2  Code  RX  prinops.o (libc_v7em_fpv4_sp_d16_hard_t_le_eabi_balanced.a)
  08001872-0800188d  vfprintf                           28   2  Code  RX  prinops.o (libc_v7em_fpv4_sp_d16_hard_t_le_eabi_balanced.a)
  0800188e-080018f9  vfprintf_l                        108   2  Code  RX  prinops.o (libc_v7em_fpv4_sp_d16_hard_t_le_eabi_balanced.a)
  080018fa-08001925  printf                             44   2  Code  RX  prinops.o (libc_v7em_fpv4_sp_d16_hard_t_le_eabi_balanced.a)
  08001926-0800195d  __SEGGER_RTL_X_file_stat           56   2  Code  RX  prinops_rtt.o (prinops_rtt_v7em_fpv4_sp_d16_hard_t_le_eabi_balanced.a)
  0800195e-08001961  __SEGGER_RTL_X_file_bufsize
                                                         4   2  Code  RX  prinops_rtt.o (prinops_rtt_v7em_fpv4_sp_d16_hard_t_le_eabi_balanced.a)
  08001962-080019c5  _DoInit                           100   2  Code  RX  SEGGER_RTT.o (prinops_rtt_v7em_fpv4_sp_d16_hard_t_le_eabi_balanced.a)
  080019c6-080019d9  _GetAvailWriteSpace                20   2  Code  RX  SEGGER_RTT.o (prinops_rtt_v7em_fpv4_sp_d16_hard_t_le_eabi_balanced.a)
  080019da-08001a1d  _WriteNoCheck                      68   2  Code  RX  SEGGER_RTT.o (prinops_rtt_v7em_fpv4_sp_d16_hard_t_le_eabi_balanced.a)
  08001a1e-08001a75  _WriteBlocking                     88   2  Code  RX  SEGGER_RTT.o (prinops_rtt_v7em_fpv4_sp_d16_hard_t_le_eabi_balanced.a)
  08001a76-08001acc  __SEGGER_RTL_c_locale_month_names
                                                        87   1  Cnst  RO  mbops.o (libc_v7em_fpv4_sp_d16_hard_t_le_eabi_balanced.a)
  08001acd-08001ad3  __SEGGER_RTL_c_locale_am_pm_indicator
                                                         7   1  Cnst  RO  mbops.o (libc_v7em_fpv4_sp_d16_hard_t_le_eabi_balanced.a)
  08001ad4-08001ae2  __SEGGER_RTL_c_locale_date_time_format
                                                        15   1  Cnst  RO  mbops.o (libc_v7em_fpv4_sp_d16_hard_t_le_eabi_balanced.a)
  08001ae3-08001af4  [.rodata..L.str]                   18   1  Cnst  RO  main.o
  08001af5-08001af6  [.rodata.libc..L.str]               2   1  Cnst  RO  mbops.o (libc_v7em_fpv4_sp_d16_hard_t_le_eabi_balanced.a)
  08001af7-08001af8  __SEGGER_RTL_data_utf8_period
                                                         2   1  Cnst  RO  mbops.o (libc_v7em_fpv4_sp_d16_hard_t_le_eabi_balanced.a)
  08001af9-08001b32  __SEGGER_RTL_c_locale_day_names
                                                        58   1  Cnst  RO  mbops.o (libc_v7em_fpv4_sp_d16_hard_t_le_eabi_balanced.a)
  08001b33-08001b4f  __SEGGER_RTL_c_locale_abbrev_day_names
                                                        29   1  Cnst  RO  mbops.o (libc_v7em_fpv4_sp_d16_hard_t_le_eabi_balanced.a)
  08001b50-08001b80  __SEGGER_RTL_c_locale_abbrev_month_names
                                                        49   1  Cnst  RO  mbops.o (libc_v7em_fpv4_sp_d16_hard_t_le_eabi_balanced.a)
  08001b81-08001b81  __SEGGER_RTL_data_empty_string
                                                         1   1  Cnst  RO  mbops.o (libc_v7em_fpv4_sp_d16_hard_t_le_eabi_balanced.a)
  08001b82-08001b8a  __SEGGER_RTL_c_locale_date_format
                                                         9   1  Cnst  RO  mbops.o (libc_v7em_fpv4_sp_d16_hard_t_le_eabi_balanced.a)
  08001b8b-08001b93  __SEGGER_RTL_c_locale_time_format
                                                         9   1  Cnst  RO  mbops.o (libc_v7em_fpv4_sp_d16_hard_t_le_eabi_balanced.a)
  08001b94-08001ba0  __SEGGER_RTL_ascii_ctype_mask
                                                        13   1  Cnst  RO  mbops.o (libc_v7em_fpv4_sp_d16_hard_t_le_eabi_balanced.a)
  08001ba1-08001bb1  _DoInit._aInitStr                  17   1  Cnst  RO  SEGGER_RTT.o (prinops_rtt_v7em_fpv4_sp_d16_hard_t_le_eabi_balanced.a)
  08001bb2-08001bba  [.rodata.libc..L.str]               9   1  Cnst  RO  SEGGER_RTT.o (prinops_rtt_v7em_fpv4_sp_d16_hard_t_le_eabi_balanced.a)
  08001bbb-08001bbb  ( UNUSED .=.+1 )                    1   -  ----  -   -
  08001bbc-08001bbf  [.init_array]                       4   4  ----  --  STM32L4xx_Startup.o
  08001bc0-08001bcf  AHBPrescTable                      16   1  Cnst  RO  system_stm32l4xx.o
  08001bd0-08001c4f  __SEGGER_RTL_ascii_ctype_map
                                                       128   1  Cnst  RO  mbops.o (libc_v7em_fpv4_sp_d16_hard_t_le_eabi_balanced.a)
  08001c50-08001c5f  __SEGGER_RTL_hex_uc                16   1  Cnst  RO  prinops.o (libc_v7em_fpv4_sp_d16_hard_t_le_eabi_balanced.a)
  08001c60-08001c6f  __SEGGER_RTL_hex_lc                16   1  Cnst  RO  prinops.o (libc_v7em_fpv4_sp_d16_hard_t_le_eabi_balanced.a)
  08001c70-08001c93  __SEGGER_init_ctors                36   4  Code  RX  SEGGER_crtinit.o (SEGGER_crtinit_v7em_fpv4_sp_d16_hard_t_le_eabi_balanced.a)
  08001c94-08001cb7  __SEGGER_init_table__              36   4  Cnst  RO  [ Linker created ]
  08001cb8-08001cdb  __SEGGER_init_data__               36   4  Cnst  RO  [ Linker created ]
  08001cdc-08001ced  __SEGGER_init_zero                 18   2  Code  RX  SEGGER_crtinit.o (SEGGER_crtinit_v7em_fpv4_sp_d16_hard_t_le_eabi_balanced.a)
  08001cee-08001d01  __SEGGER_init_copy                 20   2  Code  RX  SEGGER_crtinit.o (SEGGER_crtinit_v7em_fpv4_sp_d16_hard_t_le_eabi_balanced.a)
  08001d02-0fffffff  ( UNUSED .=.+134210302 )   134 210 302
                                                             -  ----  -   -
  10000000-100000a7  _SEGGER_RTT                       168   4  Zero  ZI  SEGGER_RTT.o (prinops_rtt_v7em_fpv4_sp_d16_hard_t_le_eabi_balanced.a)
  100000a8-100000ab  __SEGGER_RTL_stdout_file            4   4  Zero  ZI  prinops_rtt.o (prinops_rtt_v7em_fpv4_sp_d16_hard_t_le_eabi_balanced.a)
  100000ac-100000af  __SEGGER_RTL_stdin_file             4   4  Zero  ZI  prinops_rtt.o (prinops_rtt_v7em_fpv4_sp_d16_hard_t_le_eabi_balanced.a)
  100000b0-100000b3  __SEGGER_RTL_stderr_file            4   4  Zero  ZI  prinops_rtt.o (prinops_rtt_v7em_fpv4_sp_d16_hard_t_le_eabi_balanced.a)
  100000b4-100000b7  __SEGGER_RTL_locale_ptr             4   4  Zero  ZI  mbops.o (libc_v7em_fpv4_sp_d16_hard_t_le_eabi_balanced.a)
  100000b8-100004b7  _acUpBuffer                     1 024   1  Zero  ZI  SEGGER_RTT.o (prinops_rtt_v7em_fpv4_sp_d16_hard_t_le_eabi_balanced.a)
  100004b8-100004c7  _acDownBuffer                      16   1  Zero  ZI  SEGGER_RTT.o (prinops_rtt_v7em_fpv4_sp_d16_hard_t_le_eabi_balanced.a)
  100004c8-100004db  __SEGGER_RTL_global_locale
                                                        20   4  Init  RW  mbops.o (libc_v7em_fpv4_sp_d16_hard_t_le_eabi_balanced.a)
  100004dc-100004df  stdout                              4   4  Init  RW  prinops_rtt.o (prinops_rtt_v7em_fpv4_sp_d16_hard_t_le_eabi_balanced.a)
  100004e0-100004e3  stdin                               4   4  Init  RW  prinops_rtt.o (prinops_rtt_v7em_fpv4_sp_d16_hard_t_le_eabi_balanced.a)
  100004e4-100004e7  stderr                              4   4  Init  RW  prinops_rtt.o (prinops_rtt_v7em_fpv4_sp_d16_hard_t_le_eabi_balanced.a)
  100004e8-100004eb  SystemCoreClock                     4   4  Init  RW  system_stm32l4xx.o
  100004ec-2000b7ff  ( UNUSED .=.+268481300 )   268 481 300
                                                             -  ----  -   -
  2000b800-2000bfff  [.bss.block.stack]              2 048   8  None  ZI  [ Linker created ]


***********************************************************************************************
***                                                                                         ***
***                                       SYMBOL LIST                                       ***
***                                                                                         ***
***********************************************************************************************

Function symbols by name:

  Symbol name                   Address        Size  Align  Type  Bd  Object File
  -------------------------  ----------  ----------  -----  ----  --  -----------
  ADC1_IRQHandler            0x0800101D                  2  Code  Wk  stm32l432xx_Vectors.o
  BusFault_Handler           0x08000FED                  2  Code  Wk  stm32l432xx_Vectors.o
  CAN1_RX0_IRQHandler        0x08001021                  2  Code  Wk  stm32l432xx_Vectors.o
  CAN1_RX1_IRQHandler        0x08001023                  2  Code  Wk  stm32l432xx_Vectors.o
  CAN1_SCE_IRQHandler        0x08001025                  2  Code  Wk  stm32l432xx_Vectors.o
  CAN1_TX_IRQHandler         0x0800101F                  2  Code  Wk  stm32l432xx_Vectors.o
  COMP_IRQHandler            0x08001051                  2  Code  Wk  stm32l432xx_Vectors.o
  CRS_IRQHandler             0x0800106F                  2  Code  Wk  stm32l432xx_Vectors.o
  DMA1_Channel1_IRQHandler   0x0800100F                  2  Code  Wk  stm32l432xx_Vectors.o
  DMA1_Channel2_IRQHandler   0x08001011                  2  Code  Wk  stm32l432xx_Vectors.o
  DMA1_Channel3_IRQHandler   0x08001013                  2  Code  Wk  stm32l432xx_Vectors.o
  DMA1_Channel4_IRQHandler   0x08001015                  2  Code  Wk  stm32l432xx_Vectors.o
  DMA1_Channel5_IRQHandler   0x08001017                  2  Code  Wk  stm32l432xx_Vectors.o
  DMA1_Channel6_IRQHandler   0x08001019                  2  Code  Wk  stm32l432xx_Vectors.o
  DMA1_Channel7_IRQHandler   0x0800101B                  2  Code  Wk  stm32l432xx_Vectors.o
  DMA2_Channel1_IRQHandler   0x08001047                  2  Code  Wk  stm32l432xx_Vectors.o
  DMA2_Channel2_IRQHandler   0x08001049                  2  Code  Wk  stm32l432xx_Vectors.o
  DMA2_Channel3_IRQHandler   0x0800104B                  2  Code  Wk  stm32l432xx_Vectors.o
  DMA2_Channel4_IRQHandler   0x0800104D                  2  Code  Wk  stm32l432xx_Vectors.o
  DMA2_Channel5_IRQHandler   0x0800104F                  2  Code  Wk  stm32l432xx_Vectors.o
  DMA2_Channel6_IRQHandler   0x08001059                  2  Code  Wk  stm32l432xx_Vectors.o
  DMA2_Channel7_IRQHandler   0x0800105B                  2  Code  Wk  stm32l432xx_Vectors.o
  DebugMon_Handler           0x08000FF3                  2  Code  Wk  stm32l432xx_Vectors.o
  EXTI0_IRQHandler           0x08001005                  2  Code  Wk  stm32l432xx_Vectors.o
  EXTI15_10_IRQHandler       0x0800103D                  2  Code  Wk  stm32l432xx_Vectors.o
  EXTI1_IRQHandler           0x08001007                  2  Code  Wk  stm32l432xx_Vectors.o
  EXTI2_IRQHandler           0x08001009                  2  Code  Wk  stm32l432xx_Vectors.o
  EXTI3_IRQHandler           0x0800100B                  2  Code  Wk  stm32l432xx_Vectors.o
  EXTI4_IRQHandler           0x0800100D                  2  Code  Wk  stm32l432xx_Vectors.o
  EXTI9_5_IRQHandler         0x08001027                  2  Code  Wk  stm32l432xx_Vectors.o
  FLASH_IRQHandler           0x08001001                  2  Code  Wk  stm32l432xx_Vectors.o
  FPU_IRQHandler             0x0800106D                  2  Code  Wk  stm32l432xx_Vectors.o
  HardFault_Handler          0x080002D5                  4  Code  Wk  STM32L4xx_Startup.o
  I2C1_ER_IRQHandler         0x08001035                  2  Code  Wk  stm32l432xx_Vectors.o
  I2C1_EV_IRQHandler         0x08001033                  2  Code  Wk  stm32l432xx_Vectors.o
  I2C3_ER_IRQHandler         0x08001063                  2  Code  Wk  stm32l432xx_Vectors.o
  I2C3_EV_IRQHandler         0x08001061                  2  Code  Wk  stm32l432xx_Vectors.o
  LPTIM1_IRQHandler          0x08001053                  2  Code  Wk  stm32l432xx_Vectors.o
  LPTIM2_IRQHandler          0x08001055                  2  Code  Wk  stm32l432xx_Vectors.o
  LPUART1_IRQHandler         0x0800105D                  2  Code  Wk  stm32l432xx_Vectors.o
  MemManage_Handler          0x0800018F                  2  Code  Wk  stm32l432xx_Vectors.o
  NMI_Handler                0x0800018D                  2  Code  Wk  stm32l432xx_Vectors.o
  PVD_PVM_IRQHandler         0x08000FFB                  2  Code  Wk  stm32l432xx_Vectors.o
  PendSV_Handler             0x08000FF5                  2  Code  Wk  stm32l432xx_Vectors.o
  QUADSPI_IRQHandler         0x0800105F                  2  Code  Wk  stm32l432xx_Vectors.o
  RCC_IRQHandler             0x08001003                  2  Code  Wk  stm32l432xx_Vectors.o
  RNG_IRQHandler             0x0800106B                  2  Code  Wk  stm32l432xx_Vectors.o
  RTC_Alarm_IRQHandler       0x0800103F                  2  Code  Wk  stm32l432xx_Vectors.o
  RTC_WKUP_IRQHandler        0x08000FFF                  2  Code  Wk  stm32l432xx_Vectors.o
  Reset_Handler              0x08001717                  2  Code  Gb  STM32L4xx_Startup.o
  SAI1_IRQHandler            0x08001065                  2  Code  Wk  stm32l432xx_Vectors.o
  SEGGER_RTT_Write           0x08001131          54      2  Code  Gb  SEGGER_RTT.o (prinops_rtt_v7em_fpv4_sp_d16_hard_t_le_eabi_balanced.a)
  SEGGER_RTT_WriteNoLock     0x080010D7          90      2  Code  Gb  SEGGER_RTT.o (prinops_rtt_v7em_fpv4_sp_d16_hard_t_le_eabi_balanced.a)
  SPI1_IRQHandler            0x08001037                  2  Code  Wk  stm32l432xx_Vectors.o
  SPI3_IRQHandler            0x08001041                  2  Code  Wk  stm32l432xx_Vectors.o
  SVC_Handler                0x08000FF1                  2  Code  Wk  stm32l432xx_Vectors.o
  SWPMI1_IRQHandler          0x08001067                  2  Code  Wk  stm32l432xx_Vectors.o
  SysTick_Handler            0x08000FF7                  2  Code  Wk  stm32l432xx_Vectors.o
  SystemCoreClockUpdate      0x08000779         370      4  Code  Gb  system_stm32l4xx.o
  SystemInit                 0x08001167          92      2  Code  Gb  system_stm32l4xx.o
  TAMP_STAMP_IRQHandler      0x08000FFD                  2  Code  Wk  stm32l432xx_Vectors.o
  TIM1_BRK_TIM15_IRQHandler  0x08001029                  2  Code  Wk  stm32l432xx_Vectors.o
  TIM1_CC_IRQHandler         0x0800102F                  2  Code  Wk  stm32l432xx_Vectors.o
  TIM1_TRG_COM_IRQHandler    0x0800102D                  2  Code  Wk  stm32l432xx_Vectors.o
  TIM1_UP_TIM16_IRQHandler   0x0800102B                  2  Code  Wk  stm32l432xx_Vectors.o
  TIM2_IRQHandler            0x08001031                  2  Code  Wk  stm32l432xx_Vectors.o
  TIM6_DAC_IRQHandler        0x08001043                  2  Code  Wk  stm32l432xx_Vectors.o
  TIM7_IRQHandler            0x08001045                  2  Code  Wk  stm32l432xx_Vectors.o
  TSC_IRQHandler             0x08001069                  2  Code  Wk  stm32l432xx_Vectors.o
  USART1_IRQHandler          0x08001039                  2  Code  Wk  stm32l432xx_Vectors.o
  USART2_IRQHandler          0x0800103B                  2  Code  Wk  stm32l432xx_Vectors.o
  USB_IRQHandler             0x08001057                  2  Code  Wk  stm32l432xx_Vectors.o
  UsageFault_Handler         0x08000FEF                  2  Code  Wk  stm32l432xx_Vectors.o
  WWDG_IRQHandler            0x08000FF9                  2  Code  Wk  stm32l432xx_Vectors.o
  _DoInit                    0x08001963         100      2  Code  Lc  SEGGER_RTT.o (prinops_rtt_v7em_fpv4_sp_d16_hard_t_le_eabi_balanced.a)
  _GetAvailWriteSpace        0x080019C7          20      2  Code  Lc  SEGGER_RTT.o (prinops_rtt_v7em_fpv4_sp_d16_hard_t_le_eabi_balanced.a)
  _WriteBlocking             0x08001A1F          88      2  Code  Lc  SEGGER_RTT.o (prinops_rtt_v7em_fpv4_sp_d16_hard_t_le_eabi_balanced.a)
  _WriteNoCheck              0x080019DB          68      2  Code  Lc  SEGGER_RTT.o (prinops_rtt_v7em_fpv4_sp_d16_hard_t_le_eabi_balanced.a)
  __SEGGER_RTL_X_file_bufsize
                             0x0800195F           4      2  Code  Gb  prinops_rtt.o (prinops_rtt_v7em_fpv4_sp_d16_hard_t_le_eabi_balanced.a)
  __SEGGER_RTL_X_file_stat   0x08001927          56      2  Code  Gb  prinops_rtt.o (prinops_rtt_v7em_fpv4_sp_d16_hard_t_le_eabi_balanced.a)
  __SEGGER_RTL_X_file_write  0x080010D1           6      2  Code  Gb  prinops_rtt.o (prinops_rtt_v7em_fpv4_sp_d16_hard_t_le_eabi_balanced.a)
  __SEGGER_RTL_ascii_isctype
                             0x08001763          32      2  Code  Lc  mbops.o (libc_v7em_fpv4_sp_d16_hard_t_le_eabi_balanced.a)
  __SEGGER_RTL_ascii_iswctype
                             0x0800179B          32      2  Code  Lc  mbops.o (libc_v7em_fpv4_sp_d16_hard_t_le_eabi_balanced.a)
  __SEGGER_RTL_ascii_mbtowc  0x0800172F          52      2  Code  Gb  mbops.o (libc_v7em_fpv4_sp_d16_hard_t_le_eabi_balanced.a)
  __SEGGER_RTL_ascii_tolower
                             0x0800178F          12      2  Code  Lc  mbops.o (libc_v7em_fpv4_sp_d16_hard_t_le_eabi_balanced.a)
  __SEGGER_RTL_ascii_toupper
                             0x08001783          12      2  Code  Lc  mbops.o (libc_v7em_fpv4_sp_d16_hard_t_le_eabi_balanced.a)
  __SEGGER_RTL_ascii_towlower
                             0x080017C7          12      2  Code  Lc  mbops.o (libc_v7em_fpv4_sp_d16_hard_t_le_eabi_balanced.a)
  __SEGGER_RTL_ascii_towupper
                             0x080017BB          12      2  Code  Lc  mbops.o (libc_v7em_fpv4_sp_d16_hard_t_le_eabi_balanced.a)
  __SEGGER_RTL_ascii_wctomb  0x080010B9          14      2  Code  Gb  mbops.o (libc_v7em_fpv4_sp_d16_hard_t_le_eabi_balanced.a)
  __SEGGER_RTL_current_locale
                             0x0800109F          26      2  Code  Gb  mbops.o (libc_v7em_fpv4_sp_d16_hard_t_le_eabi_balanced.a)
  __SEGGER_RTL_prin_flush    0x08001857          28      2  Code  Gb  prinops.o (libc_v7em_fpv4_sp_d16_hard_t_le_eabi_balanced.a)
  __SEGGER_RTL_putc          0x080017D3         132      2  Code  Gb  prinops.o (libc_v7em_fpv4_sp_d16_hard_t_le_eabi_balanced.a)
  __SEGGER_RTL_stream_write  0x080010C7          10      2  Code  Lc  prinops.o (libc_v7em_fpv4_sp_d16_hard_t_le_eabi_balanced.a)
  __SEGGER_RTL_vfprintf      0x08000A99         906      4  Code  Gb  __SEGGER_RTL_vfprintf_int_nwp.o (libc_v7em_fpv4_sp_d16_hard_t_le_eabi_balanced.a)
  __SEGGER_RTL_vfprintf_int_nwp
                             0x08000A99         906      4  Code  Gb  __SEGGER_RTL_vfprintf_int_nwp.o (libc_v7em_fpv4_sp_d16_hard_t_le_eabi_balanced.a)
  __SEGGER_init_copy         0x08001CEF          20      2  Code  Wk  SEGGER_crtinit.o (SEGGER_crtinit_v7em_fpv4_sp_d16_hard_t_le_eabi_balanced.a)
  __SEGGER_init_ctors        0x08001C71          26      4  Code  Wk  SEGGER_crtinit.o (SEGGER_crtinit_v7em_fpv4_sp_d16_hard_t_le_eabi_balanced.a)
  __SEGGER_init_done         0x080002CB                  4  Code  Gb  SEGGER_THUMB_Startup.o
  __SEGGER_init_zero         0x08001CDD          18      2  Code  Wk  SEGGER_crtinit.o (SEGGER_crtinit_v7em_fpv4_sp_d16_hard_t_le_eabi_balanced.a)
  __aeabi_d2uiz              0x08000545          36      4  Code  Wk  floatasmops_arm.o (libc_v7em_fpv4_sp_d16_hard_t_le_eabi_balanced.a)
  __aeabi_ddiv               0x08000381         450      4  Code  Wk  floatasmops_arm.o (libc_v7em_fpv4_sp_d16_hard_t_le_eabi_balanced.a)
  __aeabi_memclr             0x08000711         104      4  Code  Wk  strasmops_arm.o (strops_unaligned_v7em_fpv4_sp_d16_hard_t_le_eabi_balanced.a)
  __aeabi_memclr4            0x08000711                  4  Code  Wk  strasmops_arm.o (strops_unaligned_v7em_fpv4_sp_d16_hard_t_le_eabi_balanced.a)
  __aeabi_memclr8            0x08000711                  4  Code  Wk  strasmops_arm.o (strops_unaligned_v7em_fpv4_sp_d16_hard_t_le_eabi_balanced.a)
  __aeabi_memcpy             0x080006B5                  4  Code  Wk  strasmops_arm.o (strops_unaligned_v7em_fpv4_sp_d16_hard_t_le_eabi_balanced.a)
  __aeabi_memcpy4            0x080006D3                  4  Code  Wk  strasmops_arm.o (strops_unaligned_v7em_fpv4_sp_d16_hard_t_le_eabi_balanced.a)
  __aeabi_memcpy8            0x080006D3                  4  Code  Wk  strasmops_arm.o (strops_unaligned_v7em_fpv4_sp_d16_hard_t_le_eabi_balanced.a)
  __aeabi_memset             0x08000713                  4  Code  Wk  strasmops_arm.o (strops_unaligned_v7em_fpv4_sp_d16_hard_t_le_eabi_balanced.a)
  __aeabi_memset4            0x08000713                  4  Code  Wk  strasmops_arm.o (strops_unaligned_v7em_fpv4_sp_d16_hard_t_le_eabi_balanced.a)
  __aeabi_memset8            0x08000713                  4  Code  Wk  strasmops_arm.o (strops_unaligned_v7em_fpv4_sp_d16_hard_t_le_eabi_balanced.a)
  __aeabi_ui2d               0x08000569          28      4  Code  Wk  floatasmops_arm.o (libc_v7em_fpv4_sp_d16_hard_t_le_eabi_balanced.a)
  __aeabi_uldivmod           0x08000585         302      4  Code  Wk  intasmops_arm.o (libc_v7em_fpv4_sp_d16_hard_t_le_eabi_balanced.a)
  __startup_complete         0x080002CB                  4  Code  Gb  SEGGER_THUMB_Startup.o
  _start                     0x080002C1          14      4  Code  Gb  SEGGER_THUMB_Startup.o
  configureClock             0x08001327          48      2  Code  Gb  STM32L432KC_RCC.o
  configureFlash             0x08000E23          26      2  Code  Gb  STM32L432KC_FLASH.o
  configurePLL               0x08000E4B         114      2  Code  Gb  STM32L432KC_RCC.o
  delay_micros               0x08000EE7          54      2  Code  Gb  STM32L432KC_TIM.o
  delay_millis               0x08000F1D          58      2  Code  Gb  STM32L432KC_TIM.o
  digitalWrite               0x080012DF          72      2  Code  Gb  STM32L432KC_GPIO.o
  exit                       0x080002CF           2      4  Code  Gb  SEGGER_THUMB_Startup.o
  fwrite                     0x08001071          46      2  Code  Wk  fileops.o (libc_v7em_fpv4_sp_d16_hard_t_le_eabi_balanced.a)
  gpioEnable                 0x0800122F          80      2  Code  Gb  STM32L432KC_GPIO.o
  gpioPinOffset              0x08000E3D          14      2  Code  Gb  STM32L432KC_GPIO.o
  gpioPinToBase              0x080012CB          20      2  Code  Gb  STM32L432KC_GPIO.o
  gpioPinToPort              0x0800127F          12      2  Code  Gb  STM32L432KC_GPIO.o
  gpioPortToBase             0x0800128B          64      2  Code  Gb  STM32L432KC_GPIO.o
  id2Port                    0x08000F57          54      2  Code  Gb  STM32L432KC_USART.o
  initADC                    0x080008EB         430      2  Code  Gb  STM32L432KC_ADC.o
  initSPI                    0x08001357         212      2  Code  Gb  STM32L432KC_SPI.o
  initTIM                    0x08000191          96      8  Code  Gb  STM32L432KC_TIM.o
  initUSART                  0x0800142B         264      2  Code  Gb  STM32L432KC_USART.o
  main                       0x0800155F         272      2  Code  Gb  main.o
  memcpy                     0x080006B5          92      4  Code  Wk  strasmops_arm.o (strops_unaligned_v7em_fpv4_sp_d16_hard_t_le_eabi_balanced.a)
  memset                     0x08000719                  4  Code  Wk  strasmops_arm.o (strops_unaligned_v7em_fpv4_sp_d16_hard_t_le_eabi_balanced.a)
  pinMode                    0x08000221         160      4  Code  Gb  STM32L432KC_GPIO.o
  printf                     0x080018FB          44      2  Code  Wk  prinops.o (libc_v7em_fpv4_sp_d16_hard_t_le_eabi_balanced.a)
  readADC                    0x080011C3         108      2  Code  Gb  STM32L432KC_ADC.o
  reset_handler              0x08001717                  2  Code  Gb  STM32L4xx_Startup.o
  sendChar                   0x08001533          44      2  Code  Gb  STM32L432KC_USART.o
  sendDMX                    0x080016A3         116      2  Code  Gb  main.o
  sendSPItoMCU               0x08000FBB          50      2  Code  Gb  main.o
  sendString                 0x08000F8D          46      2  Code  Gb  STM32L432KC_USART.o
  spiSend                    0x08000EBD          42      2  Code  Gb  STM32L432KC_SPI.o
  uint12_to_char             0x0800166F          52      2  Code  Gb  main.o
  vfprintf                   0x08001873          28      2  Code  Gb  prinops.o (libc_v7em_fpv4_sp_d16_hard_t_le_eabi_balanced.a)
  vfprintf_l                 0x0800188F         108      2  Code  Gb  prinops.o (libc_v7em_fpv4_sp_d16_hard_t_le_eabi_balanced.a)

Function symbols by address:

     Address  Symbol name                      Size  Align  Type  Bd  Object File
  ----------  -------------------------  ----------  -----  ----  --  -----------
  0x0800018D  NMI_Handler                                2  Code  Wk  stm32l432xx_Vectors.o
  0x0800018F  MemManage_Handler                          2  Code  Wk  stm32l432xx_Vectors.o
  0x08000191  initTIM                            96      8  Code  Gb  STM32L432KC_TIM.o
  0x08000221  pinMode                           160      4  Code  Gb  STM32L432KC_GPIO.o
  0x080002C1  _start                             14      4  Code  Gb  SEGGER_THUMB_Startup.o
  0x080002CB  __startup_complete                         4  Code  Gb  SEGGER_THUMB_Startup.o
  0x080002CB  __SEGGER_init_done                         4  Code  Gb  SEGGER_THUMB_Startup.o
  0x080002CF  exit                                2      4  Code  Gb  SEGGER_THUMB_Startup.o
  0x080002D5  HardFault_Handler                          4  Code  Wk  STM32L4xx_Startup.o
  0x08000381  __aeabi_ddiv                      450      4  Code  Wk  floatasmops_arm.o (libc_v7em_fpv4_sp_d16_hard_t_le_eabi_balanced.a)
  0x08000545  __aeabi_d2uiz                      36      4  Code  Wk  floatasmops_arm.o (libc_v7em_fpv4_sp_d16_hard_t_le_eabi_balanced.a)
  0x08000569  __aeabi_ui2d                       28      4  Code  Wk  floatasmops_arm.o (libc_v7em_fpv4_sp_d16_hard_t_le_eabi_balanced.a)
  0x08000585  __aeabi_uldivmod                  302      4  Code  Wk  intasmops_arm.o (libc_v7em_fpv4_sp_d16_hard_t_le_eabi_balanced.a)
  0x080006B5  memcpy                             92      4  Code  Wk  strasmops_arm.o (strops_unaligned_v7em_fpv4_sp_d16_hard_t_le_eabi_balanced.a)
  0x080006B5  __aeabi_memcpy                             4  Code  Wk  strasmops_arm.o (strops_unaligned_v7em_fpv4_sp_d16_hard_t_le_eabi_balanced.a)
  0x080006D3  __aeabi_memcpy8                            4  Code  Wk  strasmops_arm.o (strops_unaligned_v7em_fpv4_sp_d16_hard_t_le_eabi_balanced.a)
  0x080006D3  __aeabi_memcpy4                            4  Code  Wk  strasmops_arm.o (strops_unaligned_v7em_fpv4_sp_d16_hard_t_le_eabi_balanced.a)
  0x08000711  __aeabi_memclr8                            4  Code  Wk  strasmops_arm.o (strops_unaligned_v7em_fpv4_sp_d16_hard_t_le_eabi_balanced.a)
  0x08000711  __aeabi_memclr4                            4  Code  Wk  strasmops_arm.o (strops_unaligned_v7em_fpv4_sp_d16_hard_t_le_eabi_balanced.a)
  0x08000711  __aeabi_memclr                    104      4  Code  Wk  strasmops_arm.o (strops_unaligned_v7em_fpv4_sp_d16_hard_t_le_eabi_balanced.a)
  0x08000713  __aeabi_memset8                            4  Code  Wk  strasmops_arm.o (strops_unaligned_v7em_fpv4_sp_d16_hard_t_le_eabi_balanced.a)
  0x08000713  __aeabi_memset4                            4  Code  Wk  strasmops_arm.o (strops_unaligned_v7em_fpv4_sp_d16_hard_t_le_eabi_balanced.a)
  0x08000713  __aeabi_memset                             4  Code  Wk  strasmops_arm.o (strops_unaligned_v7em_fpv4_sp_d16_hard_t_le_eabi_balanced.a)
  0x08000719  memset                                     4  Code  Wk  strasmops_arm.o (strops_unaligned_v7em_fpv4_sp_d16_hard_t_le_eabi_balanced.a)
  0x08000779  SystemCoreClockUpdate             370      4  Code  Gb  system_stm32l4xx.o
  0x080008EB  initADC                           430      2  Code  Gb  STM32L432KC_ADC.o
  0x08000A99  __SEGGER_RTL_vfprintf_int_nwp
                                                906      4  Code  Gb  __SEGGER_RTL_vfprintf_int_nwp.o (libc_v7em_fpv4_sp_d16_hard_t_le_eabi_balanced.a)
  0x08000A99  __SEGGER_RTL_vfprintf             906      4  Code  Gb  __SEGGER_RTL_vfprintf_int_nwp.o (libc_v7em_fpv4_sp_d16_hard_t_le_eabi_balanced.a)
  0x08000E23  configureFlash                     26      2  Code  Gb  STM32L432KC_FLASH.o
  0x08000E3D  gpioPinOffset                      14      2  Code  Gb  STM32L432KC_GPIO.o
  0x08000E4B  configurePLL                      114      2  Code  Gb  STM32L432KC_RCC.o
  0x08000EBD  spiSend                            42      2  Code  Gb  STM32L432KC_SPI.o
  0x08000EE7  delay_micros                       54      2  Code  Gb  STM32L432KC_TIM.o
  0x08000F1D  delay_millis                       58      2  Code  Gb  STM32L432KC_TIM.o
  0x08000F57  id2Port                            54      2  Code  Gb  STM32L432KC_USART.o
  0x08000F8D  sendString                         46      2  Code  Gb  STM32L432KC_USART.o
  0x08000FBB  sendSPItoMCU                       50      2  Code  Gb  main.o
  0x08000FED  BusFault_Handler                           2  Code  Wk  stm32l432xx_Vectors.o
  0x08000FEF  UsageFault_Handler                         2  Code  Wk  stm32l432xx_Vectors.o
  0x08000FF1  SVC_Handler                                2  Code  Wk  stm32l432xx_Vectors.o
  0x08000FF3  DebugMon_Handler                           2  Code  Wk  stm32l432xx_Vectors.o
  0x08000FF5  PendSV_Handler                             2  Code  Wk  stm32l432xx_Vectors.o
  0x08000FF7  SysTick_Handler                            2  Code  Wk  stm32l432xx_Vectors.o
  0x08000FF9  WWDG_IRQHandler                            2  Code  Wk  stm32l432xx_Vectors.o
  0x08000FFB  PVD_PVM_IRQHandler                         2  Code  Wk  stm32l432xx_Vectors.o
  0x08000FFD  TAMP_STAMP_IRQHandler                      2  Code  Wk  stm32l432xx_Vectors.o
  0x08000FFF  RTC_WKUP_IRQHandler                        2  Code  Wk  stm32l432xx_Vectors.o
  0x08001001  FLASH_IRQHandler                           2  Code  Wk  stm32l432xx_Vectors.o
  0x08001003  RCC_IRQHandler                             2  Code  Wk  stm32l432xx_Vectors.o
  0x08001005  EXTI0_IRQHandler                           2  Code  Wk  stm32l432xx_Vectors.o
  0x08001007  EXTI1_IRQHandler                           2  Code  Wk  stm32l432xx_Vectors.o
  0x08001009  EXTI2_IRQHandler                           2  Code  Wk  stm32l432xx_Vectors.o
  0x0800100B  EXTI3_IRQHandler                           2  Code  Wk  stm32l432xx_Vectors.o
  0x0800100D  EXTI4_IRQHandler                           2  Code  Wk  stm32l432xx_Vectors.o
  0x0800100F  DMA1_Channel1_IRQHandler                   2  Code  Wk  stm32l432xx_Vectors.o
  0x08001011  DMA1_Channel2_IRQHandler                   2  Code  Wk  stm32l432xx_Vectors.o
  0x08001013  DMA1_Channel3_IRQHandler                   2  Code  Wk  stm32l432xx_Vectors.o
  0x08001015  DMA1_Channel4_IRQHandler                   2  Code  Wk  stm32l432xx_Vectors.o
  0x08001017  DMA1_Channel5_IRQHandler                   2  Code  Wk  stm32l432xx_Vectors.o
  0x08001019  DMA1_Channel6_IRQHandler                   2  Code  Wk  stm32l432xx_Vectors.o
  0x0800101B  DMA1_Channel7_IRQHandler                   2  Code  Wk  stm32l432xx_Vectors.o
  0x0800101D  ADC1_IRQHandler                            2  Code  Wk  stm32l432xx_Vectors.o
  0x0800101F  CAN1_TX_IRQHandler                         2  Code  Wk  stm32l432xx_Vectors.o
  0x08001021  CAN1_RX0_IRQHandler                        2  Code  Wk  stm32l432xx_Vectors.o
  0x08001023  CAN1_RX1_IRQHandler                        2  Code  Wk  stm32l432xx_Vectors.o
  0x08001025  CAN1_SCE_IRQHandler                        2  Code  Wk  stm32l432xx_Vectors.o
  0x08001027  EXTI9_5_IRQHandler                         2  Code  Wk  stm32l432xx_Vectors.o
  0x08001029  TIM1_BRK_TIM15_IRQHandler                  2  Code  Wk  stm32l432xx_Vectors.o
  0x0800102B  TIM1_UP_TIM16_IRQHandler                   2  Code  Wk  stm32l432xx_Vectors.o
  0x0800102D  TIM1_TRG_COM_IRQHandler                    2  Code  Wk  stm32l432xx_Vectors.o
  0x0800102F  TIM1_CC_IRQHandler                         2  Code  Wk  stm32l432xx_Vectors.o
  0x08001031  TIM2_IRQHandler                            2  Code  Wk  stm32l432xx_Vectors.o
  0x08001033  I2C1_EV_IRQHandler                         2  Code  Wk  stm32l432xx_Vectors.o
  0x08001035  I2C1_ER_IRQHandler                         2  Code  Wk  stm32l432xx_Vectors.o
  0x08001037  SPI1_IRQHandler                            2  Code  Wk  stm32l432xx_Vectors.o
  0x08001039  USART1_IRQHandler                          2  Code  Wk  stm32l432xx_Vectors.o
  0x0800103B  USART2_IRQHandler                          2  Code  Wk  stm32l432xx_Vectors.o
  0x0800103D  EXTI15_10_IRQHandler                       2  Code  Wk  stm32l432xx_Vectors.o
  0x0800103F  RTC_Alarm_IRQHandler                       2  Code  Wk  stm32l432xx_Vectors.o
  0x08001041  SPI3_IRQHandler                            2  Code  Wk  stm32l432xx_Vectors.o
  0x08001043  TIM6_DAC_IRQHandler                        2  Code  Wk  stm32l432xx_Vectors.o
  0x08001045  TIM7_IRQHandler                            2  Code  Wk  stm32l432xx_Vectors.o
  0x08001047  DMA2_Channel1_IRQHandler                   2  Code  Wk  stm32l432xx_Vectors.o
  0x08001049  DMA2_Channel2_IRQHandler                   2  Code  Wk  stm32l432xx_Vectors.o
  0x0800104B  DMA2_Channel3_IRQHandler                   2  Code  Wk  stm32l432xx_Vectors.o
  0x0800104D  DMA2_Channel4_IRQHandler                   2  Code  Wk  stm32l432xx_Vectors.o
  0x0800104F  DMA2_Channel5_IRQHandler                   2  Code  Wk  stm32l432xx_Vectors.o
  0x08001051  COMP_IRQHandler                            2  Code  Wk  stm32l432xx_Vectors.o
  0x08001053  LPTIM1_IRQHandler                          2  Code  Wk  stm32l432xx_Vectors.o
  0x08001055  LPTIM2_IRQHandler                          2  Code  Wk  stm32l432xx_Vectors.o
  0x08001057  USB_IRQHandler                             2  Code  Wk  stm32l432xx_Vectors.o
  0x08001059  DMA2_Channel6_IRQHandler                   2  Code  Wk  stm32l432xx_Vectors.o
  0x0800105B  DMA2_Channel7_IRQHandler                   2  Code  Wk  stm32l432xx_Vectors.o
  0x0800105D  LPUART1_IRQHandler                         2  Code  Wk  stm32l432xx_Vectors.o
  0x0800105F  QUADSPI_IRQHandler                         2  Code  Wk  stm32l432xx_Vectors.o
  0x08001061  I2C3_EV_IRQHandler                         2  Code  Wk  stm32l432xx_Vectors.o
  0x08001063  I2C3_ER_IRQHandler                         2  Code  Wk  stm32l432xx_Vectors.o
  0x08001065  SAI1_IRQHandler                            2  Code  Wk  stm32l432xx_Vectors.o
  0x08001067  SWPMI1_IRQHandler                          2  Code  Wk  stm32l432xx_Vectors.o
  0x08001069  TSC_IRQHandler                             2  Code  Wk  stm32l432xx_Vectors.o
  0x0800106B  RNG_IRQHandler                             2  Code  Wk  stm32l432xx_Vectors.o
  0x0800106D  FPU_IRQHandler                             2  Code  Wk  stm32l432xx_Vectors.o
  0x0800106F  CRS_IRQHandler                             2  Code  Wk  stm32l432xx_Vectors.o
  0x08001071  fwrite                             46      2  Code  Wk  fileops.o (libc_v7em_fpv4_sp_d16_hard_t_le_eabi_balanced.a)
  0x0800109F  __SEGGER_RTL_current_locale
                                                 26      2  Code  Gb  mbops.o (libc_v7em_fpv4_sp_d16_hard_t_le_eabi_balanced.a)
  0x080010B9  __SEGGER_RTL_ascii_wctomb          14      2  Code  Gb  mbops.o (libc_v7em_fpv4_sp_d16_hard_t_le_eabi_balanced.a)
  0x080010C7  __SEGGER_RTL_stream_write          10      2  Code  Lc  prinops.o (libc_v7em_fpv4_sp_d16_hard_t_le_eabi_balanced.a)
  0x080010D1  __SEGGER_RTL_X_file_write           6      2  Code  Gb  prinops_rtt.o (prinops_rtt_v7em_fpv4_sp_d16_hard_t_le_eabi_balanced.a)
  0x080010D7  SEGGER_RTT_WriteNoLock             90      2  Code  Gb  SEGGER_RTT.o (prinops_rtt_v7em_fpv4_sp_d16_hard_t_le_eabi_balanced.a)
  0x08001131  SEGGER_RTT_Write                   54      2  Code  Gb  SEGGER_RTT.o (prinops_rtt_v7em_fpv4_sp_d16_hard_t_le_eabi_balanced.a)
  0x08001167  SystemInit                         92      2  Code  Gb  system_stm32l4xx.o
  0x080011C3  readADC                           108      2  Code  Gb  STM32L432KC_ADC.o
  0x0800122F  gpioEnable                         80      2  Code  Gb  STM32L432KC_GPIO.o
  0x0800127F  gpioPinToPort                      12      2  Code  Gb  STM32L432KC_GPIO.o
  0x0800128B  gpioPortToBase                     64      2  Code  Gb  STM32L432KC_GPIO.o
  0x080012CB  gpioPinToBase                      20      2  Code  Gb  STM32L432KC_GPIO.o
  0x080012DF  digitalWrite                       72      2  Code  Gb  STM32L432KC_GPIO.o
  0x08001327  configureClock                     48      2  Code  Gb  STM32L432KC_RCC.o
  0x08001357  initSPI                           212      2  Code  Gb  STM32L432KC_SPI.o
  0x0800142B  initUSART                         264      2  Code  Gb  STM32L432KC_USART.o
  0x08001533  sendChar                           44      2  Code  Gb  STM32L432KC_USART.o
  0x0800155F  main                              272      2  Code  Gb  main.o
  0x0800166F  uint12_to_char                     52      2  Code  Gb  main.o
  0x080016A3  sendDMX                           116      2  Code  Gb  main.o
  0x08001717  reset_handler                              2  Code  Gb  STM32L4xx_Startup.o
  0x08001717  Reset_Handler                              2  Code  Gb  STM32L4xx_Startup.o
  0x0800172F  __SEGGER_RTL_ascii_mbtowc          52      2  Code  Gb  mbops.o (libc_v7em_fpv4_sp_d16_hard_t_le_eabi_balanced.a)
  0x08001763  __SEGGER_RTL_ascii_isctype
                                                 32      2  Code  Lc  mbops.o (libc_v7em_fpv4_sp_d16_hard_t_le_eabi_balanced.a)
  0x08001783  __SEGGER_RTL_ascii_toupper
                                                 12      2  Code  Lc  mbops.o (libc_v7em_fpv4_sp_d16_hard_t_le_eabi_balanced.a)
  0x0800178F  __SEGGER_RTL_ascii_tolower
                                                 12      2  Code  Lc  mbops.o (libc_v7em_fpv4_sp_d16_hard_t_le_eabi_balanced.a)
  0x0800179B  __SEGGER_RTL_ascii_iswctype
                                                 32      2  Code  Lc  mbops.o (libc_v7em_fpv4_sp_d16_hard_t_le_eabi_balanced.a)
  0x080017BB  __SEGGER_RTL_ascii_towupper
                                                 12      2  Code  Lc  mbops.o (libc_v7em_fpv4_sp_d16_hard_t_le_eabi_balanced.a)
  0x080017C7  __SEGGER_RTL_ascii_towlower
                                                 12      2  Code  Lc  mbops.o (libc_v7em_fpv4_sp_d16_hard_t_le_eabi_balanced.a)
  0x080017D3  __SEGGER_RTL_putc                 132      2  Code  Gb  prinops.o (libc_v7em_fpv4_sp_d16_hard_t_le_eabi_balanced.a)
  0x08001857  __SEGGER_RTL_prin_flush            28      2  Code  Gb  prinops.o (libc_v7em_fpv4_sp_d16_hard_t_le_eabi_balanced.a)
  0x08001873  vfprintf                           28      2  Code  Gb  prinops.o (libc_v7em_fpv4_sp_d16_hard_t_le_eabi_balanced.a)
  0x0800188F  vfprintf_l                        108      2  Code  Gb  prinops.o (libc_v7em_fpv4_sp_d16_hard_t_le_eabi_balanced.a)
  0x080018FB  printf                             44      2  Code  Wk  prinops.o (libc_v7em_fpv4_sp_d16_hard_t_le_eabi_balanced.a)
  0x08001927  __SEGGER_RTL_X_file_stat           56      2  Code  Gb  prinops_rtt.o (prinops_rtt_v7em_fpv4_sp_d16_hard_t_le_eabi_balanced.a)
  0x0800195F  __SEGGER_RTL_X_file_bufsize
                                                  4      2  Code  Gb  prinops_rtt.o (prinops_rtt_v7em_fpv4_sp_d16_hard_t_le_eabi_balanced.a)
  0x08001963  _DoInit                           100      2  Code  Lc  SEGGER_RTT.o (prinops_rtt_v7em_fpv4_sp_d16_hard_t_le_eabi_balanced.a)
  0x080019C7  _GetAvailWriteSpace                20      2  Code  Lc  SEGGER_RTT.o (prinops_rtt_v7em_fpv4_sp_d16_hard_t_le_eabi_balanced.a)
  0x080019DB  _WriteNoCheck                      68      2  Code  Lc  SEGGER_RTT.o (prinops_rtt_v7em_fpv4_sp_d16_hard_t_le_eabi_balanced.a)
  0x08001A1F  _WriteBlocking                     88      2  Code  Lc  SEGGER_RTT.o (prinops_rtt_v7em_fpv4_sp_d16_hard_t_le_eabi_balanced.a)
  0x08001C71  __SEGGER_init_ctors                26      4  Code  Wk  SEGGER_crtinit.o (SEGGER_crtinit_v7em_fpv4_sp_d16_hard_t_le_eabi_balanced.a)
  0x08001CDD  __SEGGER_init_zero                 18      2  Code  Wk  SEGGER_crtinit.o (SEGGER_crtinit_v7em_fpv4_sp_d16_hard_t_le_eabi_balanced.a)
  0x08001CEF  __SEGGER_init_copy                 20      2  Code  Wk  SEGGER_crtinit.o (SEGGER_crtinit_v7em_fpv4_sp_d16_hard_t_le_eabi_balanced.a)

Function symbols by descending size:

  Symbol name                      Size  Align  Type  Bd  Object File
  -------------------------  ----------  -----  ----  --  -----------
  __SEGGER_RTL_vfprintf             906      4  Code  Gb  __SEGGER_RTL_vfprintf_int_nwp.o (libc_v7em_fpv4_sp_d16_hard_t_le_eabi_balanced.a)
  __SEGGER_RTL_vfprintf_int_nwp
                                    906      4  Code  Gb  __SEGGER_RTL_vfprintf_int_nwp.o (libc_v7em_fpv4_sp_d16_hard_t_le_eabi_balanced.a)
  __aeabi_ddiv                      450      4  Code  Wk  floatasmops_arm.o (libc_v7em_fpv4_sp_d16_hard_t_le_eabi_balanced.a)
  initADC                           430      2  Code  Gb  STM32L432KC_ADC.o
  SystemCoreClockUpdate             370      4  Code  Gb  system_stm32l4xx.o
  __aeabi_uldivmod                  302      4  Code  Wk  intasmops_arm.o (libc_v7em_fpv4_sp_d16_hard_t_le_eabi_balanced.a)
  main                              272      2  Code  Gb  main.o
  initUSART                         264      2  Code  Gb  STM32L432KC_USART.o
  initSPI                           212      2  Code  Gb  STM32L432KC_SPI.o
  pinMode                           160      4  Code  Gb  STM32L432KC_GPIO.o
  __SEGGER_RTL_putc                 132      2  Code  Gb  prinops.o (libc_v7em_fpv4_sp_d16_hard_t_le_eabi_balanced.a)
  sendDMX                           116      2  Code  Gb  main.o
  configurePLL                      114      2  Code  Gb  STM32L432KC_RCC.o
  readADC                           108      2  Code  Gb  STM32L432KC_ADC.o
  vfprintf_l                        108      2  Code  Gb  prinops.o (libc_v7em_fpv4_sp_d16_hard_t_le_eabi_balanced.a)
  __aeabi_memclr                    104      4  Code  Wk  strasmops_arm.o (strops_unaligned_v7em_fpv4_sp_d16_hard_t_le_eabi_balanced.a)
  _DoInit                           100      2  Code  Lc  SEGGER_RTT.o (prinops_rtt_v7em_fpv4_sp_d16_hard_t_le_eabi_balanced.a)
  initTIM                            96      8  Code  Gb  STM32L432KC_TIM.o
  SystemInit                         92      2  Code  Gb  system_stm32l4xx.o
  memcpy                             92      4  Code  Wk  strasmops_arm.o (strops_unaligned_v7em_fpv4_sp_d16_hard_t_le_eabi_balanced.a)
  SEGGER_RTT_WriteNoLock             90      2  Code  Gb  SEGGER_RTT.o (prinops_rtt_v7em_fpv4_sp_d16_hard_t_le_eabi_balanced.a)
  _WriteBlocking                     88      2  Code  Lc  SEGGER_RTT.o (prinops_rtt_v7em_fpv4_sp_d16_hard_t_le_eabi_balanced.a)
  gpioEnable                         80      2  Code  Gb  STM32L432KC_GPIO.o
  digitalWrite                       72      2  Code  Gb  STM32L432KC_GPIO.o
  _WriteNoCheck                      68      2  Code  Lc  SEGGER_RTT.o (prinops_rtt_v7em_fpv4_sp_d16_hard_t_le_eabi_balanced.a)
  gpioPortToBase                     64      2  Code  Gb  STM32L432KC_GPIO.o
  delay_millis                       58      2  Code  Gb  STM32L432KC_TIM.o
  __SEGGER_RTL_X_file_stat           56      2  Code  Gb  prinops_rtt.o (prinops_rtt_v7em_fpv4_sp_d16_hard_t_le_eabi_balanced.a)
  SEGGER_RTT_Write                   54      2  Code  Gb  SEGGER_RTT.o (prinops_rtt_v7em_fpv4_sp_d16_hard_t_le_eabi_balanced.a)
  delay_micros                       54      2  Code  Gb  STM32L432KC_TIM.o
  id2Port                            54      2  Code  Gb  STM32L432KC_USART.o
  __SEGGER_RTL_ascii_mbtowc          52      2  Code  Gb  mbops.o (libc_v7em_fpv4_sp_d16_hard_t_le_eabi_balanced.a)
  uint12_to_char                     52      2  Code  Gb  main.o
  sendSPItoMCU                       50      2  Code  Gb  main.o
  configureClock                     48      2  Code  Gb  STM32L432KC_RCC.o
  fwrite                             46      2  Code  Wk  fileops.o (libc_v7em_fpv4_sp_d16_hard_t_le_eabi_balanced.a)
  sendString                         46      2  Code  Gb  STM32L432KC_USART.o
  printf                             44      2  Code  Wk  prinops.o (libc_v7em_fpv4_sp_d16_hard_t_le_eabi_balanced.a)
  sendChar                           44      2  Code  Gb  STM32L432KC_USART.o
  spiSend                            42      2  Code  Gb  STM32L432KC_SPI.o
  __aeabi_d2uiz                      36      4  Code  Wk  floatasmops_arm.o (libc_v7em_fpv4_sp_d16_hard_t_le_eabi_balanced.a)
  __SEGGER_RTL_ascii_isctype
                                     32      2  Code  Lc  mbops.o (libc_v7em_fpv4_sp_d16_hard_t_le_eabi_balanced.a)
  __SEGGER_RTL_ascii_iswctype
                                     32      2  Code  Lc  mbops.o (libc_v7em_fpv4_sp_d16_hard_t_le_eabi_balanced.a)
  __SEGGER_RTL_prin_flush            28      2  Code  Gb  prinops.o (libc_v7em_fpv4_sp_d16_hard_t_le_eabi_balanced.a)
  __aeabi_ui2d                       28      4  Code  Wk  floatasmops_arm.o (libc_v7em_fpv4_sp_d16_hard_t_le_eabi_balanced.a)
  vfprintf                           28      2  Code  Gb  prinops.o (libc_v7em_fpv4_sp_d16_hard_t_le_eabi_balanced.a)
  __SEGGER_RTL_current_locale
                                     26      2  Code  Gb  mbops.o (libc_v7em_fpv4_sp_d16_hard_t_le_eabi_balanced.a)
  __SEGGER_init_ctors                26      4  Code  Wk  SEGGER_crtinit.o (SEGGER_crtinit_v7em_fpv4_sp_d16_hard_t_le_eabi_balanced.a)
  configureFlash                     26      2  Code  Gb  STM32L432KC_FLASH.o
  _GetAvailWriteSpace                20      2  Code  Lc  SEGGER_RTT.o (prinops_rtt_v7em_fpv4_sp_d16_hard_t_le_eabi_balanced.a)
  __SEGGER_init_copy                 20      2  Code  Wk  SEGGER_crtinit.o (SEGGER_crtinit_v7em_fpv4_sp_d16_hard_t_le_eabi_balanced.a)
  gpioPinToBase                      20      2  Code  Gb  STM32L432KC_GPIO.o
  __SEGGER_init_zero                 18      2  Code  Wk  SEGGER_crtinit.o (SEGGER_crtinit_v7em_fpv4_sp_d16_hard_t_le_eabi_balanced.a)
  __SEGGER_RTL_ascii_wctomb          14      2  Code  Gb  mbops.o (libc_v7em_fpv4_sp_d16_hard_t_le_eabi_balanced.a)
  _start                             14      4  Code  Gb  SEGGER_THUMB_Startup.o
  gpioPinOffset                      14      2  Code  Gb  STM32L432KC_GPIO.o
  __SEGGER_RTL_ascii_tolower
                                     12      2  Code  Lc  mbops.o (libc_v7em_fpv4_sp_d16_hard_t_le_eabi_balanced.a)
  __SEGGER_RTL_ascii_toupper
                                     12      2  Code  Lc  mbops.o (libc_v7em_fpv4_sp_d16_hard_t_le_eabi_balanced.a)
  __SEGGER_RTL_ascii_towlower
                                     12      2  Code  Lc  mbops.o (libc_v7em_fpv4_sp_d16_hard_t_le_eabi_balanced.a)
  __SEGGER_RTL_ascii_towupper
                                     12      2  Code  Lc  mbops.o (libc_v7em_fpv4_sp_d16_hard_t_le_eabi_balanced.a)
  gpioPinToPort                      12      2  Code  Gb  STM32L432KC_GPIO.o
  __SEGGER_RTL_stream_write          10      2  Code  Lc  prinops.o (libc_v7em_fpv4_sp_d16_hard_t_le_eabi_balanced.a)
  __SEGGER_RTL_X_file_write           6      2  Code  Gb  prinops_rtt.o (prinops_rtt_v7em_fpv4_sp_d16_hard_t_le_eabi_balanced.a)
  __SEGGER_RTL_X_file_bufsize
                                      4      2  Code  Gb  prinops_rtt.o (prinops_rtt_v7em_fpv4_sp_d16_hard_t_le_eabi_balanced.a)
  exit                                2      4  Code  Gb  SEGGER_THUMB_Startup.o
  ADC1_IRQHandler                            2  Code  Wk  stm32l432xx_Vectors.o
  BusFault_Handler                           2  Code  Wk  stm32l432xx_Vectors.o
  CAN1_RX0_IRQHandler                        2  Code  Wk  stm32l432xx_Vectors.o
  CAN1_RX1_IRQHandler                        2  Code  Wk  stm32l432xx_Vectors.o
  CAN1_SCE_IRQHandler                        2  Code  Wk  stm32l432xx_Vectors.o
  CAN1_TX_IRQHandler                         2  Code  Wk  stm32l432xx_Vectors.o
  COMP_IRQHandler                            2  Code  Wk  stm32l432xx_Vectors.o
  CRS_IRQHandler                             2  Code  Wk  stm32l432xx_Vectors.o
  DMA1_Channel1_IRQHandler                   2  Code  Wk  stm32l432xx_Vectors.o
  DMA1_Channel2_IRQHandler                   2  Code  Wk  stm32l432xx_Vectors.o
  DMA1_Channel3_IRQHandler                   2  Code  Wk  stm32l432xx_Vectors.o
  DMA1_Channel4_IRQHandler                   2  Code  Wk  stm32l432xx_Vectors.o
  DMA1_Channel5_IRQHandler                   2  Code  Wk  stm32l432xx_Vectors.o
  DMA1_Channel6_IRQHandler                   2  Code  Wk  stm32l432xx_Vectors.o
  DMA1_Channel7_IRQHandler                   2  Code  Wk  stm32l432xx_Vectors.o
  DMA2_Channel1_IRQHandler                   2  Code  Wk  stm32l432xx_Vectors.o
  DMA2_Channel2_IRQHandler                   2  Code  Wk  stm32l432xx_Vectors.o
  DMA2_Channel3_IRQHandler                   2  Code  Wk  stm32l432xx_Vectors.o
  DMA2_Channel4_IRQHandler                   2  Code  Wk  stm32l432xx_Vectors.o
  DMA2_Channel5_IRQHandler                   2  Code  Wk  stm32l432xx_Vectors.o
  DMA2_Channel6_IRQHandler                   2  Code  Wk  stm32l432xx_Vectors.o
  DMA2_Channel7_IRQHandler                   2  Code  Wk  stm32l432xx_Vectors.o
  DebugMon_Handler                           2  Code  Wk  stm32l432xx_Vectors.o
  EXTI0_IRQHandler                           2  Code  Wk  stm32l432xx_Vectors.o
  EXTI15_10_IRQHandler                       2  Code  Wk  stm32l432xx_Vectors.o
  EXTI1_IRQHandler                           2  Code  Wk  stm32l432xx_Vectors.o
  EXTI2_IRQHandler                           2  Code  Wk  stm32l432xx_Vectors.o
  EXTI3_IRQHandler                           2  Code  Wk  stm32l432xx_Vectors.o
  EXTI4_IRQHandler                           2  Code  Wk  stm32l432xx_Vectors.o
  EXTI9_5_IRQHandler                         2  Code  Wk  stm32l432xx_Vectors.o
  FLASH_IRQHandler                           2  Code  Wk  stm32l432xx_Vectors.o
  FPU_IRQHandler                             2  Code  Wk  stm32l432xx_Vectors.o
  HardFault_Handler                          4  Code  Wk  STM32L4xx_Startup.o
  I2C1_ER_IRQHandler                         2  Code  Wk  stm32l432xx_Vectors.o
  I2C1_EV_IRQHandler                         2  Code  Wk  stm32l432xx_Vectors.o
  I2C3_ER_IRQHandler                         2  Code  Wk  stm32l432xx_Vectors.o
  I2C3_EV_IRQHandler                         2  Code  Wk  stm32l432xx_Vectors.o
  LPTIM1_IRQHandler                          2  Code  Wk  stm32l432xx_Vectors.o
  LPTIM2_IRQHandler                          2  Code  Wk  stm32l432xx_Vectors.o
  LPUART1_IRQHandler                         2  Code  Wk  stm32l432xx_Vectors.o
  MemManage_Handler                          2  Code  Wk  stm32l432xx_Vectors.o
  NMI_Handler                                2  Code  Wk  stm32l432xx_Vectors.o
  PVD_PVM_IRQHandler                         2  Code  Wk  stm32l432xx_Vectors.o
  PendSV_Handler                             2  Code  Wk  stm32l432xx_Vectors.o
  QUADSPI_IRQHandler                         2  Code  Wk  stm32l432xx_Vectors.o
  RCC_IRQHandler                             2  Code  Wk  stm32l432xx_Vectors.o
  RNG_IRQHandler                             2  Code  Wk  stm32l432xx_Vectors.o
  RTC_Alarm_IRQHandler                       2  Code  Wk  stm32l432xx_Vectors.o
  RTC_WKUP_IRQHandler                        2  Code  Wk  stm32l432xx_Vectors.o
  Reset_Handler                              2  Code  Gb  STM32L4xx_Startup.o
  SAI1_IRQHandler                            2  Code  Wk  stm32l432xx_Vectors.o
  SPI1_IRQHandler                            2  Code  Wk  stm32l432xx_Vectors.o
  SPI3_IRQHandler                            2  Code  Wk  stm32l432xx_Vectors.o
  SVC_Handler                                2  Code  Wk  stm32l432xx_Vectors.o
  SWPMI1_IRQHandler                          2  Code  Wk  stm32l432xx_Vectors.o
  SysTick_Handler                            2  Code  Wk  stm32l432xx_Vectors.o
  TAMP_STAMP_IRQHandler                      2  Code  Wk  stm32l432xx_Vectors.o
  TIM1_BRK_TIM15_IRQHandler                  2  Code  Wk  stm32l432xx_Vectors.o
  TIM1_CC_IRQHandler                         2  Code  Wk  stm32l432xx_Vectors.o
  TIM1_TRG_COM_IRQHandler                    2  Code  Wk  stm32l432xx_Vectors.o
  TIM1_UP_TIM16_IRQHandler                   2  Code  Wk  stm32l432xx_Vectors.o
  TIM2_IRQHandler                            2  Code  Wk  stm32l432xx_Vectors.o
  TIM6_DAC_IRQHandler                        2  Code  Wk  stm32l432xx_Vectors.o
  TIM7_IRQHandler                            2  Code  Wk  stm32l432xx_Vectors.o
  TSC_IRQHandler                             2  Code  Wk  stm32l432xx_Vectors.o
  USART1_IRQHandler                          2  Code  Wk  stm32l432xx_Vectors.o
  USART2_IRQHandler                          2  Code  Wk  stm32l432xx_Vectors.o
  USB_IRQHandler                             2  Code  Wk  stm32l432xx_Vectors.o
  UsageFault_Handler                         2  Code  Wk  stm32l432xx_Vectors.o
  WWDG_IRQHandler                            2  Code  Wk  stm32l432xx_Vectors.o
  __SEGGER_init_done                         4  Code  Gb  SEGGER_THUMB_Startup.o
  __aeabi_memclr4                            4  Code  Wk  strasmops_arm.o (strops_unaligned_v7em_fpv4_sp_d16_hard_t_le_eabi_balanced.a)
  __aeabi_memclr8                            4  Code  Wk  strasmops_arm.o (strops_unaligned_v7em_fpv4_sp_d16_hard_t_le_eabi_balanced.a)
  __aeabi_memcpy                             4  Code  Wk  strasmops_arm.o (strops_unaligned_v7em_fpv4_sp_d16_hard_t_le_eabi_balanced.a)
  __aeabi_memcpy4                            4  Code  Wk  strasmops_arm.o (strops_unaligned_v7em_fpv4_sp_d16_hard_t_le_eabi_balanced.a)
  __aeabi_memcpy8                            4  Code  Wk  strasmops_arm.o (strops_unaligned_v7em_fpv4_sp_d16_hard_t_le_eabi_balanced.a)
  __aeabi_memset                             4  Code  Wk  strasmops_arm.o (strops_unaligned_v7em_fpv4_sp_d16_hard_t_le_eabi_balanced.a)
  __aeabi_memset4                            4  Code  Wk  strasmops_arm.o (strops_unaligned_v7em_fpv4_sp_d16_hard_t_le_eabi_balanced.a)
  __aeabi_memset8                            4  Code  Wk  strasmops_arm.o (strops_unaligned_v7em_fpv4_sp_d16_hard_t_le_eabi_balanced.a)
  __startup_complete                         4  Code  Gb  SEGGER_THUMB_Startup.o
  memset                                     4  Code  Wk  strasmops_arm.o (strops_unaligned_v7em_fpv4_sp_d16_hard_t_le_eabi_balanced.a)
  reset_handler                              2  Code  Gb  STM32L4xx_Startup.o

Read-write data symbols by name:

  Symbol name                   Address        Size  Align  Type  Bd  Object File
  -------------------------  ----------  ----------  -----  ----  --  -----------
  SystemCoreClock            0x100004E8           4      4  Init  Gb  system_stm32l4xx.o
  _SEGGER_RTT                0x10000000         168      4  Zero  Gb  SEGGER_RTT.o (prinops_rtt_v7em_fpv4_sp_d16_hard_t_le_eabi_balanced.a)
  __RAL_global_locale        0x100004C8          20      4  Init  Gb  mbops.o (libc_v7em_fpv4_sp_d16_hard_t_le_eabi_balanced.a)
  __SEGGER_RTL_global_locale
                             0x100004C8          20      4  Init  Gb  mbops.o (libc_v7em_fpv4_sp_d16_hard_t_le_eabi_balanced.a)
  __SEGGER_RTL_locale_ptr    0x100000B4           4      4  Zero  Gb  mbops.o (libc_v7em_fpv4_sp_d16_hard_t_le_eabi_balanced.a)
  __SEGGER_RTL_stderr_file   0x100000B0           4      4  Zero  Lc  prinops_rtt.o (prinops_rtt_v7em_fpv4_sp_d16_hard_t_le_eabi_balanced.a)
  __SEGGER_RTL_stdin_file    0x100000AC           4      4  Zero  Lc  prinops_rtt.o (prinops_rtt_v7em_fpv4_sp_d16_hard_t_le_eabi_balanced.a)
  __SEGGER_RTL_stdout_file   0x100000A8           4      4  Zero  Lc  prinops_rtt.o (prinops_rtt_v7em_fpv4_sp_d16_hard_t_le_eabi_balanced.a)
  _acDownBuffer              0x100004B8          16         Zero  Lc  SEGGER_RTT.o (prinops_rtt_v7em_fpv4_sp_d16_hard_t_le_eabi_balanced.a)
  _acUpBuffer                0x100000B8       1 024         Zero  Lc  SEGGER_RTT.o (prinops_rtt_v7em_fpv4_sp_d16_hard_t_le_eabi_balanced.a)
  stderr                     0x100004E4           4      4  Init  Gb  prinops_rtt.o (prinops_rtt_v7em_fpv4_sp_d16_hard_t_le_eabi_balanced.a)
  stdin                      0x100004E0           4      4  Init  Gb  prinops_rtt.o (prinops_rtt_v7em_fpv4_sp_d16_hard_t_le_eabi_balanced.a)
  stdout                     0x100004DC           4      4  Init  Gb  prinops_rtt.o (prinops_rtt_v7em_fpv4_sp_d16_hard_t_le_eabi_balanced.a)

Read-write data symbols by address:

     Address  Symbol name                      Size  Align  Type  Bd  Object File
  ----------  -------------------------  ----------  -----  ----  --  -----------
  0x10000000  _SEGGER_RTT                       168      4  Zero  Gb  SEGGER_RTT.o (prinops_rtt_v7em_fpv4_sp_d16_hard_t_le_eabi_balanced.a)
  0x100000A8  __SEGGER_RTL_stdout_file            4      4  Zero  Lc  prinops_rtt.o (prinops_rtt_v7em_fpv4_sp_d16_hard_t_le_eabi_balanced.a)
  0x100000AC  __SEGGER_RTL_stdin_file             4      4  Zero  Lc  prinops_rtt.o (prinops_rtt_v7em_fpv4_sp_d16_hard_t_le_eabi_balanced.a)
  0x100000B0  __SEGGER_RTL_stderr_file            4      4  Zero  Lc  prinops_rtt.o (prinops_rtt_v7em_fpv4_sp_d16_hard_t_le_eabi_balanced.a)
  0x100000B4  __SEGGER_RTL_locale_ptr             4      4  Zero  Gb  mbops.o (libc_v7em_fpv4_sp_d16_hard_t_le_eabi_balanced.a)
  0x100000B8  _acUpBuffer                     1 024         Zero  Lc  SEGGER_RTT.o (prinops_rtt_v7em_fpv4_sp_d16_hard_t_le_eabi_balanced.a)
  0x100004B8  _acDownBuffer                      16         Zero  Lc  SEGGER_RTT.o (prinops_rtt_v7em_fpv4_sp_d16_hard_t_le_eabi_balanced.a)
  0x100004C8  __SEGGER_RTL_global_locale
                                                 20      4  Init  Gb  mbops.o (libc_v7em_fpv4_sp_d16_hard_t_le_eabi_balanced.a)
  0x100004C8  __RAL_global_locale                20      4  Init  Gb  mbops.o (libc_v7em_fpv4_sp_d16_hard_t_le_eabi_balanced.a)
  0x100004DC  stdout                              4      4  Init  Gb  prinops_rtt.o (prinops_rtt_v7em_fpv4_sp_d16_hard_t_le_eabi_balanced.a)
  0x100004E0  stdin                               4      4  Init  Gb  prinops_rtt.o (prinops_rtt_v7em_fpv4_sp_d16_hard_t_le_eabi_balanced.a)
  0x100004E4  stderr                              4      4  Init  Gb  prinops_rtt.o (prinops_rtt_v7em_fpv4_sp_d16_hard_t_le_eabi_balanced.a)
  0x100004E8  SystemCoreClock                     4      4  Init  Gb  system_stm32l4xx.o

Read-write data symbols by descending size:

  Symbol name                      Size  Align  Type  Bd  Object File
  -------------------------  ----------  -----  ----  --  -----------
  _acUpBuffer                     1 024         Zero  Lc  SEGGER_RTT.o (prinops_rtt_v7em_fpv4_sp_d16_hard_t_le_eabi_balanced.a)
  _SEGGER_RTT                       168      4  Zero  Gb  SEGGER_RTT.o (prinops_rtt_v7em_fpv4_sp_d16_hard_t_le_eabi_balanced.a)
  __RAL_global_locale                20      4  Init  Gb  mbops.o (libc_v7em_fpv4_sp_d16_hard_t_le_eabi_balanced.a)
  __SEGGER_RTL_global_locale
                                     20      4  Init  Gb  mbops.o (libc_v7em_fpv4_sp_d16_hard_t_le_eabi_balanced.a)
  _acDownBuffer                      16         Zero  Lc  SEGGER_RTT.o (prinops_rtt_v7em_fpv4_sp_d16_hard_t_le_eabi_balanced.a)
  SystemCoreClock                     4      4  Init  Gb  system_stm32l4xx.o
  __SEGGER_RTL_locale_ptr             4      4  Zero  Gb  mbops.o (libc_v7em_fpv4_sp_d16_hard_t_le_eabi_balanced.a)
  __SEGGER_RTL_stderr_file            4      4  Zero  Lc  prinops_rtt.o (prinops_rtt_v7em_fpv4_sp_d16_hard_t_le_eabi_balanced.a)
  __SEGGER_RTL_stdin_file             4      4  Zero  Lc  prinops_rtt.o (prinops_rtt_v7em_fpv4_sp_d16_hard_t_le_eabi_balanced.a)
  __SEGGER_RTL_stdout_file            4      4  Zero  Lc  prinops_rtt.o (prinops_rtt_v7em_fpv4_sp_d16_hard_t_le_eabi_balanced.a)
  stderr                              4      4  Init  Gb  prinops_rtt.o (prinops_rtt_v7em_fpv4_sp_d16_hard_t_le_eabi_balanced.a)
  stdin                               4      4  Init  Gb  prinops_rtt.o (prinops_rtt_v7em_fpv4_sp_d16_hard_t_le_eabi_balanced.a)
  stdout                              4      4  Init  Gb  prinops_rtt.o (prinops_rtt_v7em_fpv4_sp_d16_hard_t_le_eabi_balanced.a)

Read-only data symbols by name:

  Symbol name                   Address        Size  Align  Type  Bd  Object File
  -------------------------  ----------  ----------  -----  ----  --  -----------
  AHBPrescTable              0x08001BC0          16         Cnst  Gb  system_stm32l4xx.o
  MSIRangeTable              0x080001F0          48      4  Cnst  Gb  system_stm32l4xx.o
  _DoInit._aInitStr          0x08001BA1          17         Cnst  Lc  SEGGER_RTT.o (prinops_rtt_v7em_fpv4_sp_d16_hard_t_le_eabi_balanced.a)
  __SEGGER_RTL_ascii_ctype_map
                             0x08001BD0         128         Cnst  Lc  mbops.o (libc_v7em_fpv4_sp_d16_hard_t_le_eabi_balanced.a)
  __SEGGER_RTL_ascii_ctype_mask
                             0x08001B94          13         Cnst  Lc  mbops.o (libc_v7em_fpv4_sp_d16_hard_t_le_eabi_balanced.a)
  __SEGGER_RTL_c_locale      0x080002FC          12      4  Cnst  Gb  mbops.o (libc_v7em_fpv4_sp_d16_hard_t_le_eabi_balanced.a)
  __SEGGER_RTL_c_locale_abbrev_day_names
                             0x08001B33          29         Cnst  Gb  mbops.o (libc_v7em_fpv4_sp_d16_hard_t_le_eabi_balanced.a)
  __SEGGER_RTL_c_locale_abbrev_month_names
                             0x08001B50          49         Cnst  Gb  mbops.o (libc_v7em_fpv4_sp_d16_hard_t_le_eabi_balanced.a)
  __SEGGER_RTL_c_locale_am_pm_indicator
                             0x08001ACD           7         Cnst  Lc  mbops.o (libc_v7em_fpv4_sp_d16_hard_t_le_eabi_balanced.a)
  __SEGGER_RTL_c_locale_data
                             0x08000328          88      4  Cnst  Gb  mbops.o (libc_v7em_fpv4_sp_d16_hard_t_le_eabi_balanced.a)
  __SEGGER_RTL_c_locale_date_format
                             0x08001B82           9         Cnst  Lc  mbops.o (libc_v7em_fpv4_sp_d16_hard_t_le_eabi_balanced.a)
  __SEGGER_RTL_c_locale_date_time_format
                             0x08001AD4          15         Cnst  Lc  mbops.o (libc_v7em_fpv4_sp_d16_hard_t_le_eabi_balanced.a)
  __SEGGER_RTL_c_locale_day_names
                             0x08001AF9          58         Cnst  Lc  mbops.o (libc_v7em_fpv4_sp_d16_hard_t_le_eabi_balanced.a)
  __SEGGER_RTL_c_locale_month_names
                             0x08001A76          87         Cnst  Lc  mbops.o (libc_v7em_fpv4_sp_d16_hard_t_le_eabi_balanced.a)
  __SEGGER_RTL_c_locale_time_format
                             0x08001B8B           9         Cnst  Lc  mbops.o (libc_v7em_fpv4_sp_d16_hard_t_le_eabi_balanced.a)
  __SEGGER_RTL_codeset_ascii
                             0x08000308          32      4  Cnst  Gb  mbops.o (libc_v7em_fpv4_sp_d16_hard_t_le_eabi_balanced.a)
  __SEGGER_RTL_data_empty_string
                             0x08001B81           1         Cnst  Gb  mbops.o (libc_v7em_fpv4_sp_d16_hard_t_le_eabi_balanced.a)
  __SEGGER_RTL_data_utf8_period
                             0x08001AF7           2         Cnst  Gb  mbops.o (libc_v7em_fpv4_sp_d16_hard_t_le_eabi_balanced.a)
  __SEGGER_RTL_hex_lc        0x08001C60          16         Cnst  Gb  prinops.o (libc_v7em_fpv4_sp_d16_hard_t_le_eabi_balanced.a)
  __SEGGER_RTL_hex_uc        0x08001C50          16         Cnst  Gb  prinops.o (libc_v7em_fpv4_sp_d16_hard_t_le_eabi_balanced.a)
  __SEGGER_init_data__       0x08001CB8        [36]      4  Cnst  Lc  [ Linker created ]
  __SEGGER_init_table__      0x08001C94        [36]      4  Cnst  Lc  [ Linker created ]

Read-only data symbols by address:

     Address  Symbol name                      Size  Align  Type  Bd  Object File
  ----------  -------------------------  ----------  -----  ----  --  -----------
  0x080001F0  MSIRangeTable                      48      4  Cnst  Gb  system_stm32l4xx.o
  0x080002FC  __SEGGER_RTL_c_locale              12      4  Cnst  Gb  mbops.o (libc_v7em_fpv4_sp_d16_hard_t_le_eabi_balanced.a)
  0x08000308  __SEGGER_RTL_codeset_ascii
                                                 32      4  Cnst  Gb  mbops.o (libc_v7em_fpv4_sp_d16_hard_t_le_eabi_balanced.a)
  0x08000328  __SEGGER_RTL_c_locale_data
                                                 88      4  Cnst  Gb  mbops.o (libc_v7em_fpv4_sp_d16_hard_t_le_eabi_balanced.a)
  0x08001A76  __SEGGER_RTL_c_locale_month_names
                                                 87         Cnst  Lc  mbops.o (libc_v7em_fpv4_sp_d16_hard_t_le_eabi_balanced.a)
  0x08001ACD  __SEGGER_RTL_c_locale_am_pm_indicator
                                                  7         Cnst  Lc  mbops.o (libc_v7em_fpv4_sp_d16_hard_t_le_eabi_balanced.a)
  0x08001AD4  __SEGGER_RTL_c_locale_date_time_format
                                                 15         Cnst  Lc  mbops.o (libc_v7em_fpv4_sp_d16_hard_t_le_eabi_balanced.a)
  0x08001AF7  __SEGGER_RTL_data_utf8_period
                                                  2         Cnst  Gb  mbops.o (libc_v7em_fpv4_sp_d16_hard_t_le_eabi_balanced.a)
  0x08001AF9  __SEGGER_RTL_c_locale_day_names
                                                 58         Cnst  Lc  mbops.o (libc_v7em_fpv4_sp_d16_hard_t_le_eabi_balanced.a)
  0x08001B33  __SEGGER_RTL_c_locale_abbrev_day_names
                                                 29         Cnst  Gb  mbops.o (libc_v7em_fpv4_sp_d16_hard_t_le_eabi_balanced.a)
  0x08001B50  __SEGGER_RTL_c_locale_abbrev_month_names
                                                 49         Cnst  Gb  mbops.o (libc_v7em_fpv4_sp_d16_hard_t_le_eabi_balanced.a)
  0x08001B81  __SEGGER_RTL_data_empty_string
                                                  1         Cnst  Gb  mbops.o (libc_v7em_fpv4_sp_d16_hard_t_le_eabi_balanced.a)
  0x08001B82  __SEGGER_RTL_c_locale_date_format
                                                  9         Cnst  Lc  mbops.o (libc_v7em_fpv4_sp_d16_hard_t_le_eabi_balanced.a)
  0x08001B8B  __SEGGER_RTL_c_locale_time_format
                                                  9         Cnst  Lc  mbops.o (libc_v7em_fpv4_sp_d16_hard_t_le_eabi_balanced.a)
  0x08001B94  __SEGGER_RTL_ascii_ctype_mask
                                                 13         Cnst  Lc  mbops.o (libc_v7em_fpv4_sp_d16_hard_t_le_eabi_balanced.a)
  0x08001BA1  _DoInit._aInitStr                  17         Cnst  Lc  SEGGER_RTT.o (prinops_rtt_v7em_fpv4_sp_d16_hard_t_le_eabi_balanced.a)
  0x08001BC0  AHBPrescTable                      16         Cnst  Gb  system_stm32l4xx.o
  0x08001BD0  __SEGGER_RTL_ascii_ctype_map
                                                128         Cnst  Lc  mbops.o (libc_v7em_fpv4_sp_d16_hard_t_le_eabi_balanced.a)
  0x08001C50  __SEGGER_RTL_hex_uc                16         Cnst  Gb  prinops.o (libc_v7em_fpv4_sp_d16_hard_t_le_eabi_balanced.a)
  0x08001C60  __SEGGER_RTL_hex_lc                16         Cnst  Gb  prinops.o (libc_v7em_fpv4_sp_d16_hard_t_le_eabi_balanced.a)
  0x08001C94  __SEGGER_init_table__            [36]      4  Cnst  Lc  [ Linker created ]
  0x08001CB8  __SEGGER_init_data__             [36]      4  Cnst  Lc  [ Linker created ]

Untyped symbols by name:

  Symbol name                     Value        Size  Align  Type  Bd  Object File
  -------------------------  ----------  ----------  -----  ----  --  -----------
  __FLASH1_segment_end__     0x08040000                     ----  Gb  [ Linker created ]
  __FLASH1_segment_size__    0x00040000                     ----  Gb  [ Linker created ]
  __FLASH1_segment_start__   0x08000000                     ----  Gb  [ Linker created ]
  __FLASH1_segment_used_end__
                             0x08001D02                     ----  Gb  [ Linker created ]
  __FLASH1_segment_used_size__
                             0x00001D02                     ----  Gb  [ Linker created ]
  __FLASH1_segment_used_start__
                             0x08000000                     ----  Gb  [ Linker created ]
  __FLASH_segment_end__      0x08040000                     ----  Gb  [ Linker created ]
  __FLASH_segment_size__     0x00040000                     ----  Gb  [ Linker created ]
  __FLASH_segment_start__    0x08000000                     ----  Gb  [ Linker created ]
  __FLASH_segment_used_end__
                             0x08001D02                     ----  Gb  [ Linker created ]
  __FLASH_segment_used_size__
                             0x00001D02                     ----  Gb  [ Linker created ]
  __FLASH_segment_used_start__
                             0x08000000                     ----  Gb  [ Linker created ]
  __HEAPSIZE__               0x00000400                     ----  Gb  [ Linker created ]
  __RAM1_segment_end__       0x10004000                     ----  Gb  [ Linker created ]
  __RAM1_segment_size__      0x00004000                     ----  Gb  [ Linker created ]
  __RAM1_segment_start__     0x10000000                     ----  Gb  [ Linker created ]
  __RAM1_segment_used_end__  0x100004EC                     ----  Gb  [ Linker created ]
  __RAM1_segment_used_size__
                             0x000004EC                     ----  Gb  [ Linker created ]
  __RAM1_segment_used_start__
                             0x10000000                     ----  Gb  [ Linker created ]
  __RAM2_segment_end__       0x2000C000                     ----  Gb  [ Linker created ]
  __RAM2_segment_size__      0x0000C000                     ----  Gb  [ Linker created ]
  __RAM2_segment_start__     0x20000000                     ----  Gb  [ Linker created ]
  __RAM2_segment_used_end__  0x2000C000                     ----  Gb  [ Linker created ]
  __RAM2_segment_used_size__
                             0x00000800                     ----  Gb  [ Linker created ]
  __RAM2_segment_used_start__
                             0x2000B800                     ----  Gb  [ Linker created ]
  __RAM_segment_end__        0x2000C000                     ----  Gb  [ Linker created ]
  __RAM_segment_size__       0x1000C000                     ----  Gb  [ Linker created ]
  __RAM_segment_start__      0x10000000                     ----  Gb  [ Linker created ]
  __RAM_segment_used_end__   0x2000C000                     ----  Gb  [ Linker created ]
  __RAM_segment_used_size__  0x1000C000                     ----  Gb  [ Linker created ]
  __RAM_segment_used_start__
                             0x10000000                     ----  Gb  [ Linker created ]
  __STACKSIZE_PROCESS__      0x00000000                     ----  Gb  [ Linker created ]
  __STACKSIZE__              0x00000800                     ----  Gb  [ Linker created ]
  __ctors_end__              0x08001BC0                     ----  Gb  [ Linker created ]
  __ctors_start__            0x08001BBC                     ----  Gb  [ Linker created ]
  __stack_end__              0x2000C000                     ----  Gb  [ Linker created ]
  __thread_pointer$          0x00000000                     ----  Gb  [ Linker created ]
  _vectors                   0x08000000       [396]    512  Code  Gb  stm32l432xx_Vectors.o
  _vectors_end               0x0800018C                512  Code  Lc  stm32l432xx_Vectors.o

Untyped symbols by address:

       Value  Symbol name                      Size  Align  Type  Bd  Object File
  ----------  -------------------------  ----------  -----  ----  --  -----------
  0x00000000  __thread_pointer$                             ----  Gb  [ Linker created ]
  0x00000000  __STACKSIZE_PROCESS__                         ----  Gb  [ Linker created ]
  0x00000400  __HEAPSIZE__                                  ----  Gb  [ Linker created ]
  0x000004EC  __RAM1_segment_used_size__
                                                            ----  Gb  [ Linker created ]
  0x00000800  __STACKSIZE__                                 ----  Gb  [ Linker created ]
  0x00000800  __RAM2_segment_used_size__
                                                            ----  Gb  [ Linker created ]
  0x00001D02  __FLASH_segment_used_size__
                                                            ----  Gb  [ Linker created ]
  0x00001D02  __FLASH1_segment_used_size__
                                                            ----  Gb  [ Linker created ]
  0x00004000  __RAM1_segment_size__                         ----  Gb  [ Linker created ]
  0x0000C000  __RAM2_segment_size__                         ----  Gb  [ Linker created ]
  0x00040000  __FLASH_segment_size__                        ----  Gb  [ Linker created ]
  0x00040000  __FLASH1_segment_size__                       ----  Gb  [ Linker created ]
  0x08000000  _vectors                        [396]    512  Code  Gb  stm32l432xx_Vectors.o
  0x08000000  __FLASH_segment_used_start__
                                                            ----  Gb  [ Linker created ]
  0x08000000  __FLASH_segment_start__                       ----  Gb  [ Linker created ]
  0x08000000  __FLASH1_segment_used_start__
                                                            ----  Gb  [ Linker created ]
  0x08000000  __FLASH1_segment_start__                      ----  Gb  [ Linker created ]
  0x0800018C  _vectors_end                             512  Code  Lc  stm32l432xx_Vectors.o
  0x08001BBC  __ctors_start__                               ----  Gb  [ Linker created ]
  0x08001BC0  __ctors_end__                                 ----  Gb  [ Linker created ]
  0x08001D02  __FLASH_segment_used_end__
                                                            ----  Gb  [ Linker created ]
  0x08001D02  __FLASH1_segment_used_end__
                                                            ----  Gb  [ Linker created ]
  0x08040000  __FLASH_segment_end__                         ----  Gb  [ Linker created ]
  0x08040000  __FLASH1_segment_end__                        ----  Gb  [ Linker created ]
  0x10000000  __RAM_segment_used_start__
                                                            ----  Gb  [ Linker created ]
  0x10000000  __RAM_segment_start__                         ----  Gb  [ Linker created ]
  0x10000000  __RAM1_segment_used_start__
                                                            ----  Gb  [ Linker created ]
  0x10000000  __RAM1_segment_start__                        ----  Gb  [ Linker created ]
  0x100004EC  __RAM1_segment_used_end__                     ----  Gb  [ Linker created ]
  0x10004000  __RAM1_segment_end__                          ----  Gb  [ Linker created ]
  0x1000C000  __RAM_segment_used_size__                     ----  Gb  [ Linker created ]
  0x1000C000  __RAM_segment_size__                          ----  Gb  [ Linker created ]
  0x20000000  __RAM2_segment_start__                        ----  Gb  [ Linker created ]
  0x2000B800  __RAM2_segment_used_start__
                                                            ----  Gb  [ Linker created ]
  0x2000C000  __stack_end__                                 ----  Gb  [ Linker created ]
  0x2000C000  __RAM_segment_used_end__                      ----  Gb  [ Linker created ]
  0x2000C000  __RAM_segment_end__                           ----  Gb  [ Linker created ]
  0x2000C000  __RAM2_segment_used_end__                     ----  Gb  [ Linker created ]
  0x2000C000  __RAM2_segment_end__                          ----  Gb  [ Linker created ]


***********************************************************************************************
***                                                                                         ***
***                                      LINK SUMMARY                                       ***
***                                                                                         ***
***********************************************************************************************

Memory breakdown:

    6 668 bytes read-only  code    + 
      753 bytes read-only  data    =   7 421 bytes read-only (total)
    3 308 bytes read-write data

Region summary:

  Name        Range                     Size                 Used               Unused       Alignment Loss
  ----------  -----------------  -----------  -------------------  -------------------  -------------------
  FLASH       08000000-0803ffff      262 144        7 425   2.83%      254 719  97.17%            0   0.00%
  RAM1        10000000-10003fff       16 384        1 260   7.69%       15 124  92.31%            0   0.00%
  RAM2        20000000-2000bfff       49 152        2 048   4.17%       47 104  95.83%            0   0.00%

Link complete: 0 errors, 0 warnings, 0 remarks
